Archive member included to satisfy reference by file (symbol)

/usr/lib/gcc/arm-none-eabi/10.3.1/../../../arm-none-eabi/lib/thumb/v7e-m+fp/hard/libc_nano.a(lib_a-memmove.o)
                              ./RTD/src/Dem_stub.o (memmove)
/usr/lib/gcc/arm-none-eabi/10.3.1/../../../arm-none-eabi/lib/thumb/v7e-m+fp/hard/libc_nano.a(lib_a-memset.o)
                              ./Project_Settings/Startup_Code/startup.o (memset)
/usr/lib/gcc/arm-none-eabi/10.3.1/thumb/v7e-m+fp/hard/libgcc.a(_arm_muldivdf3.o)
                              ./RTD/src/Gmac_Ip.o (__aeabi_ddiv)
/usr/lib/gcc/arm-none-eabi/10.3.1/thumb/v7e-m+fp/hard/libgcc.a(_arm_cmpdf2.o)
                              ./RTD/src/Gmac_Ip.o (__aeabi_dcmpgt)
/usr/lib/gcc/arm-none-eabi/10.3.1/thumb/v7e-m+fp/hard/libgcc.a(_arm_fixunsdfsi.o)
                              ./RTD/src/Gmac_Ip.o (__aeabi_d2uiz)
/usr/lib/gcc/arm-none-eabi/10.3.1/thumb/v7e-m+fp/hard/libgcc.a(_aeabi_ldivmod.o)
                              ./RTD/src/Clock_Ip_Frequency.o (__aeabi_ldivmod)
/usr/lib/gcc/arm-none-eabi/10.3.1/thumb/v7e-m+fp/hard/libgcc.a(_aeabi_uldivmod.o)
                              ./RTD/src/Clock_Ip_Frequency.o (__aeabi_uldivmod)
/usr/lib/gcc/arm-none-eabi/10.3.1/thumb/v7e-m+fp/hard/libgcc.a(_udivmoddi4.o)
                              /usr/lib/gcc/arm-none-eabi/10.3.1/thumb/v7e-m+fp/hard/libgcc.a(_aeabi_ldivmod.o) (__udivmoddi4)
/usr/lib/gcc/arm-none-eabi/10.3.1/thumb/v7e-m+fp/hard/libgcc.a(_dvmd_tls.o)
                              /usr/lib/gcc/arm-none-eabi/10.3.1/thumb/v7e-m+fp/hard/libgcc.a(_aeabi_ldivmod.o) (__aeabi_ldiv0)

Discarded input sections

 .group         0x0000000000000000        0xc ./Project_Settings/Startup_Code/exceptions.o
 .group         0x0000000000000000        0xc ./Project_Settings/Startup_Code/exceptions.o
 .group         0x0000000000000000        0xc ./Project_Settings/Startup_Code/exceptions.o
 .group         0x0000000000000000        0xc ./Project_Settings/Startup_Code/exceptions.o
 .group         0x0000000000000000        0xc ./Project_Settings/Startup_Code/exceptions.o
 .group         0x0000000000000000        0xc ./Project_Settings/Startup_Code/exceptions.o
 .group         0x0000000000000000        0xc ./Project_Settings/Startup_Code/exceptions.o
 .group         0x0000000000000000        0xc ./Project_Settings/Startup_Code/exceptions.o
 .group         0x0000000000000000        0xc ./Project_Settings/Startup_Code/exceptions.o
 .group         0x0000000000000000        0xc ./Project_Settings/Startup_Code/exceptions.o
 .group         0x0000000000000000        0xc ./Project_Settings/Startup_Code/exceptions.o
 .group         0x0000000000000000        0xc ./Project_Settings/Startup_Code/exceptions.o
 .group         0x0000000000000000        0xc ./Project_Settings/Startup_Code/exceptions.o
 .group         0x0000000000000000        0xc ./Project_Settings/Startup_Code/exceptions.o
 .group         0x0000000000000000        0xc ./Project_Settings/Startup_Code/exceptions.o
 .group         0x0000000000000000        0xc ./Project_Settings/Startup_Code/exceptions.o
 .group         0x0000000000000000        0xc ./Project_Settings/Startup_Code/exceptions.o
 .group         0x0000000000000000        0xc ./Project_Settings/Startup_Code/exceptions.o
 .group         0x0000000000000000        0xc ./Project_Settings/Startup_Code/exceptions.o
 .group         0x0000000000000000        0xc ./Project_Settings/Startup_Code/exceptions.o
 .group         0x0000000000000000        0xc ./Project_Settings/Startup_Code/exceptions.o
 .group         0x0000000000000000        0xc ./Project_Settings/Startup_Code/exceptions.o
 .group         0x0000000000000000        0xc ./Project_Settings/Startup_Code/exceptions.o
 .group         0x0000000000000000        0xc ./Project_Settings/Startup_Code/exceptions.o
 .group         0x0000000000000000        0xc ./Project_Settings/Startup_Code/exceptions.o
 .group         0x0000000000000000        0xc ./Project_Settings/Startup_Code/nvic.o
 .group         0x0000000000000000        0xc ./Project_Settings/Startup_Code/nvic.o
 .group         0x0000000000000000        0xc ./Project_Settings/Startup_Code/nvic.o
 .group         0x0000000000000000        0xc ./Project_Settings/Startup_Code/nvic.o
 .group         0x0000000000000000        0xc ./Project_Settings/Startup_Code/nvic.o
 .group         0x0000000000000000        0xc ./Project_Settings/Startup_Code/nvic.o
 .group         0x0000000000000000        0xc ./Project_Settings/Startup_Code/nvic.o
 .group         0x0000000000000000        0xc ./Project_Settings/Startup_Code/nvic.o
 .group         0x0000000000000000        0xc ./Project_Settings/Startup_Code/nvic.o
 .group         0x0000000000000000        0xc ./Project_Settings/Startup_Code/nvic.o
 .group         0x0000000000000000        0xc ./Project_Settings/Startup_Code/nvic.o
 .group         0x0000000000000000        0xc ./Project_Settings/Startup_Code/nvic.o
 .group         0x0000000000000000        0xc ./Project_Settings/Startup_Code/nvic.o
[...]
Memory Configuration

Name             Origin             Length             Attributes
int_pflash       0x0000000000400000 0x00000000007d4000
int_dflash       0x0000000010000000 0x0000000000020000
int_itcm         0x0000000000000000 0x0000000000008000
int_dtcm         0x0000000020000000 0x000000000000f000
int_stack_dtcm   0x000000002000f000 0x0000000000001000
int_sram         0x0000000020400000 0x000000000007ff00
int_sram_fls_rsv 0x000000002047ff00 0x0000000000000100
int_sram_no_cacheable 0x0000000020480000 0x000000000003bf00
int_sram_results 0x00000000204bbf00 0x0000000000000100
int_sram_shareable 0x00000000204bc000 0x0000000000004000
ram_rsvd2        0x00000000204c0000 0x0000000000000000
*default*        0x0000000000000000 0xffffffffffffffff

Linker script and memory map

LOAD ./Project_Settings/Startup_Code/Vector_Table.o
LOAD ./Project_Settings/Startup_Code/exceptions.o
LOAD ./Project_Settings/Startup_Code/nvic.o
LOAD ./Project_Settings/Startup_Code/startup.o
LOAD ./Project_Settings/Startup_Code/startup_cm7.o
LOAD ./Project_Settings/Startup_Code/system.o
LOAD ./RTD/src/Clock_Ip.o
LOAD ./RTD/src/Clock_Ip_Data.o
LOAD ./RTD/src/Clock_Ip_Divider.o
LOAD ./RTD/src/Clock_Ip_DividerTrigger.o
LOAD ./RTD/src/Clock_Ip_ExtOsc.o
LOAD ./RTD/src/Clock_Ip_FracDiv.o
LOAD ./RTD/src/Clock_Ip_Frequency.o
LOAD ./RTD/src/Clock_Ip_Gate.o
LOAD ./RTD/src/Clock_Ip_IntOsc.o
LOAD ./RTD/src/Clock_Ip_Irq.o
LOAD ./RTD/src/Clock_Ip_Monitor.o
LOAD ./RTD/src/Clock_Ip_Pll.o
LOAD ./RTD/src/Clock_Ip_ProgFreqSwitch.o
LOAD ./RTD/src/Clock_Ip_Selector.o
LOAD ./RTD/src/Clock_Ip_Specific.o
LOAD ./RTD/src/Dem.o
LOAD ./RTD/src/Dem_stub.o
LOAD ./RTD/src/Det.o
LOAD ./RTD/src/Det_stub.o
LOAD ./RTD/src/EthIf.o
LOAD ./RTD/src/EthSwt.o
LOAD ./RTD/src/EthTrcv.o
LOAD ./RTD/src/Eth_43_GMAC.o
LOAD ./RTD/src/Eth_43_GMAC_Ipw.o
LOAD ./RTD/src/Eth_43_GMAC_Ipw_Irq.o
LOAD ./RTD/src/Eth_43_GMAC_Irq.o
LOAD ./RTD/src/Gmac_Ip.o
LOAD ./RTD/src/Gmac_Ip_Hw_Access.o
LOAD ./RTD/src/Gmac_Ip_Irq.o
LOAD ./RTD/src/Igf_Port_Ip.o
LOAD ./RTD/src/Mcu.o
LOAD ./RTD/src/Mcu_Dem_Wrapper.o
LOAD ./RTD/src/Mcu_Ipw.o
LOAD ./RTD/src/OsIf_Interrupts.o
LOAD ./RTD/src/OsIf_Software_Semaphore.o
LOAD ./RTD/src/OsIf_Timer.o
LOAD ./RTD/src/OsIf_Timer_System.o
LOAD ./RTD/src/OsIf_Timer_System_Internal_Systick.o
LOAD ./RTD/src/Port.o
LOAD ./RTD/src/Port_Ipw.o
LOAD ./RTD/src/Power_Ip.o
LOAD ./RTD/src/Power_Ip_AEC.o
LOAD ./RTD/src/Power_Ip_CortexM7.o
LOAD ./RTD/src/Power_Ip_DCM_GPR.o
LOAD ./RTD/src/Power_Ip_FLASH.o
LOAD ./RTD/src/Power_Ip_MC_ME.o
LOAD ./RTD/src/Power_Ip_MC_RGM.o
LOAD ./RTD/src/Power_Ip_MC_RGM_Irq.o
LOAD ./RTD/src/Power_Ip_PMC.o
LOAD ./RTD/src/Power_Ip_PMC_Irq.o
LOAD ./RTD/src/Power_Ip_Private.o
LOAD ./RTD/src/Ram_Ip.o
LOAD ./RTD/src/SchM_BaseNXP.o
LOAD ./RTD/src/SchM_Eth_43_GMAC.o
LOAD ./RTD/src/SchM_Mcu.o
LOAD ./RTD/src/SchM_Port.o
LOAD ./RTD/src/Siul2_Port_Ip.o
LOAD ./RTD/src/Tspc_Port_Ip.o
LOAD ./board/Siul2_Port_Ip_Cfg.o
LOAD ./board/Tspc_Port_Ip_Cfg.o
LOAD ./board/dcf_config.o
LOAD ./board/ivt_config.o
LOAD ./generate/src/Clock_Ip_Cfg.o
LOAD ./generate/src/Clock_Ip_VS_0_PBcfg.o
LOAD ./generate/src/Eth_43_GMAC_Ipw_VS_0_PBcfg.o
LOAD ./generate/src/Eth_43_GMAC_VS_0_PBcfg.o
LOAD ./generate/src/Gmac_Ip_Cfg.o
LOAD ./generate/src/Gmac_Ip_VS_0_PBcfg.o
LOAD ./generate/src/Igf_Port_Ip_Cfg.o
LOAD ./generate/src/Igf_Port_Ip_VS_0_PBcfg.o
LOAD ./generate/src/Mcu_Cfg.o
LOAD ./generate/src/Mcu_VS_0_PBcfg.o
LOAD ./generate/src/OsIf_Cfg.o
LOAD ./generate/src/Port_Cfg.o
LOAD ./generate/src/Port_VS_0_PBcfg.o
LOAD ./generate/src/Power_Ip_Cfg.o
LOAD ./generate/src/Power_Ip_VS_0_PBcfg.o
LOAD ./generate/src/Ram_Ip_Cfg.o
LOAD ./generate/src/Ram_Ip_VS_0_PBcfg.o
LOAD ./generate/src/Siul2_Port_Ip_VS_0_PBcfg.o
LOAD ./generate/src/Tspc_Port_Ip_VS_0_PBcfg.o
LOAD ./src/main.o
LOAD /usr/lib/gcc/arm-none-eabi/10.3.1/../../../arm-none-eabi/lib/thumb/v7e-m+fp/hard/libc_nano.a
LOAD /usr/lib/gcc/arm-none-eabi/10.3.1/../../../arm-none-eabi/lib/thumb/v7e-m+fp/hard/libm.a
LOAD /usr/lib/gcc/arm-none-eabi/10.3.1/thumb/v7e-m+fp/hard/libgcc.a
START GROUP
LOAD /usr/lib/gcc/arm-none-eabi/10.3.1/thumb/v7e-m+fp/hard/libgcc.a
LOAD /usr/lib/gcc/arm-none-eabi/10.3.1/../../../arm-none-eabi/lib/thumb/v7e-m+fp/hard/libg_nano.a
LOAD /usr/lib/gcc/arm-none-eabi/10.3.1/../../../arm-none-eabi/lib/thumb/v7e-m+fp/hard/libc_nano.a
END GROUP
START GROUP
LOAD /usr/lib/gcc/arm-none-eabi/10.3.1/thumb/v7e-m+fp/hard/libgcc.a
LOAD /usr/lib/gcc/arm-none-eabi/10.3.1/../../../arm-none-eabi/lib/thumb/v7e-m+fp/hard/libc_nano.a
LOAD /usr/lib/gcc/arm-none-eabi/10.3.1/../../../arm-none-eabi/lib/thumb/v7e-m+fp/hard/libnosys.a
END GROUP
START GROUP
LOAD /usr/lib/gcc/arm-none-eabi/10.3.1/thumb/v7e-m+fp/hard/libgcc.a
LOAD /usr/lib/gcc/arm-none-eabi/10.3.1/../../../arm-none-eabi/lib/thumb/v7e-m+fp/hard/libc_nano.a
LOAD /usr/lib/gcc/arm-none-eabi/10.3.1/../../../arm-none-eabi/lib/thumb/v7e-m+fp/hard/libnosys.a
END GROUP
                0x0000000000002000                HEAP_SIZE = DEFINED (__heap_size__)?__heap_size__:0x2000
                0x000000002040ffff                __STANDBY_RAM_LIMIT_END = 0x2040ffff

.pflash         0x0000000000400000    0x136e4
 *(.boot_header)
 .boot_header   0x0000000000400000      0x100 ./Project_Settings/Startup_Code/startup_cm7.o
                0x0000000000402000                . = ALIGN (0x2000)
 *fill*         0x0000000000400100     0x1f00 
                0x0000000000402000                __text_start = .
                0x0000000000402000                __interrupts_init_start = .
 *(.intc_vector)
 .intc_vector   0x0000000000402000      0x408 ./Project_Settings/Startup_Code/Vector_Table.o
                0x0000000000402000                VTABLE
                0x0000000000402408                . = ALIGN (0x4)
                0x0000000000402408                __interrupts_init_end = .
 *(.core_loop)
 .core_loop     0x0000000000402408        0xc ./Project_Settings/Startup_Code/startup_cm7.o
                0x0000000000402408                _core_loop
                0x0000000000402414                . = ALIGN (0x4)
 *(.startup)
 *fill*         0x0000000000402414        0xc 
 .startup       0x0000000000402420      0x214 ./Project_Settings/Startup_Code/startup_cm7.o
                0x0000000000402420                Reset_Handler
                0x0000000000402420                _start
                0x00000000004025b4                MCAL_LTB_TRACE_OFF
                0x00000000004025b6                _end_of_eunit_test
                0x0000000000402634                . = ALIGN (0x4)
 *(.systeminit)
                0x0000000000402634                . = ALIGN (0x4)
 *(.text.startup)
 .text.startup  0x0000000000402634       0x90 ./src/main.o
                0x0000000000402634                main
                0x00000000004026c4                . = ALIGN (0x4)
 *(.text)
 .text          0x00000000004026c4        0x0 ./Project_Settings/Startup_Code/Vector_Table.o
 .text          0x00000000004026c4       0x14 ./Project_Settings/Startup_Code/exceptions.o
                0x00000000004026c4                NMI_Handler
                0x00000000004026c6                HardFault_Handler
                0x00000000004026c8                MemManage_Handler
                0x00000000004026ca                BusFault_Handler
                0x00000000004026cc                UsageFault_Handler
                0x00000000004026ce                SVC_Handler
                0x00000000004026d0                DebugMon_Handler
                0x00000000004026d2                PendSV_Handler
                0x00000000004026d4                SysTick_Handler
                0x00000000004026d6                undefined_handler
 .text          0x00000000004026d8       0x52 ./Project_Settings/Startup_Code/nvic.o
                0x00000000004026d8                NVIC_SetPriorityGrouping
                0x00000000004026ec                NVIC_EnableIRQ
                0x0000000000402704                NVIC_DisableIRQ
                0x000000000040271c                NVIC_SetPriority
 *fill*         0x000000000040272a        0x2 
 .text          0x000000000040272c       0xe8 ./Project_Settings/Startup_Code/startup.o
                0x000000000040272c                init_data_bss
                0x00000000004027b8                init_data_bss_core2
 .text          0x0000000000402814        0x0 ./Project_Settings/Startup_Code/startup_cm7.o
 .text          0x0000000000402814      0x340 ./Project_Settings/Startup_Code/system.o
                0x0000000000402814                startup_go_to_user_mode
                0x0000000000402816                default_interrupt_routine
                0x0000000000402818                Sys_GetCoreID
                0x0000000000402828                SystemInit
                0x0000000000402b38                Enable_FPU
 .text          0x0000000000402b54      0x8a0 ./RTD/src/Clock_Ip.o
                0x0000000000402b56                Clock_Ip_InitClock
                0x0000000000403110                Clock_Ip_GetPllStatus
                0x00000000004031b8                Clock_Ip_DistributePll
                0x00000000004032a0                Clock_Ip_Init
                0x00000000004032c8                Clock_Ip_DisableClockMonitor
                0x00000000004032ec                Clock_Ip_InstallNotificationsCallback
                0x00000000004032f8                Clock_Ip_DisableModuleClock
                0x0000000000403320                Clock_Ip_EnableModuleClock
                0x0000000000403348                Clock_Ip_GetClockFrequency
                0x000000000040334c                Clock_Ip_DisableFircInStandby
                0x0000000000403364                Clock_Ip_EnableFircInStandby
                0x000000000040337c                Clock_Ip_DisableSircInStandby
                0x0000000000403394                Clock_Ip_EnableSircInStandby
                0x00000000004033ac                Clock_Ip_ReportClockErrors
                0x00000000004033b8                Clock_Ip_StartTimeout
                0x00000000004033d8                Clock_Ip_TimeoutExpired
 .text          0x00000000004033f4        0x0 ./RTD/src/Clock_Ip_Data.o
 .text          0x00000000004033f4      0x1e4 ./RTD/src/Clock_Ip_Divider.o
 .text          0x00000000004035d8       0x9c ./RTD/src/Clock_Ip_DividerTrigger.o
 .text          0x0000000000403674      0x254 ./RTD/src/Clock_Ip_ExtOsc.o
 .text          0x00000000004038c8        0x6 ./RTD/src/Clock_Ip_FracDiv.o
 *fill*         0x00000000004038ce        0x2 
 .text          0x00000000004038d0     0x2234 ./RTD/src/Clock_Ip_Frequency.o
                0x0000000000405a60                Clock_Ip_Get_RTC_CLK_Frequency_TrustedCall
                0x0000000000405aac                Clock_Ip_SetExternalOscillatorFrequency
                0x0000000000405acc                Clock_Ip_GetFreq
                0x0000000000405adc                Clock_Ip_SetExternalSignalFrequency
 .text          0x0000000000405b04      0x154 ./RTD/src/Clock_Ip_Gate.o
 .text          0x0000000000405c58      0x104 ./RTD/src/Clock_Ip_IntOsc.o
 .text          0x0000000000405d5c        0x4 ./RTD/src/Clock_Ip_Irq.o
                0x0000000000405d5c                Mcu_Cmu_ClockFail_IRQHandler
 .text          0x0000000000405d60      0x288 ./RTD/src/Clock_Ip_Monitor.o
                0x0000000000405fa0                Clock_Ip_CMU_ClockFailInt
 .text          0x0000000000405fe8      0x1d0 ./RTD/src/Clock_Ip_Pll.o
 .text          0x00000000004061b8      0x1f0 ./RTD/src/Clock_Ip_ProgFreqSwitch.o
 .text          0x00000000004063a8      0x3dc ./RTD/src/Clock_Ip_Selector.o
                0x0000000000406758                Clock_Ip_SetRtcRtccClksel_TrustedCall
 .text          0x0000000000406784      0x4d8 ./RTD/src/Clock_Ip_Specific.o
                0x0000000000406828                Clock_Ip_SetFlashWaitStates
                0x000000000040682a                Clock_Ip_McMeEnterKey
                0x0000000000406840                Clock_Ip_PowerClockIpModules
                0x0000000000406b44                DisableFircInStandbyMode
                0x0000000000406b54                EnableFircInStandbyMode
                0x0000000000406b70                DisableSircInStandbyMode
                0x0000000000406b80                EnableSircInStandbyMode
                0x0000000000406b9c                Clock_Ip_Command
                0x0000000000406be0                Clock_Ip_PRAMCSetRamIWS
                0x0000000000406c58                Clock_Ip_SetRamWaitStates
 .text          0x0000000000406c5c       0xe4 ./RTD/src/Dem.o
                0x0000000000406c5c                Dem_SetEventStatus
                0x0000000000406cb4                Dem_ReportErrorStatusPreExtData
 .text          0x0000000000406d40      0x244 ./RTD/src/Dem_stub.o
                0x0000000000406d40                Dem_TestLastReportErrorStatus
                0x0000000000406dd8                Dem_TestNoError
                0x0000000000406e1c                Dem_TestLastReportErrorStatusPreExtData
                0x0000000000406f04                Dem_ClearEvents
                0x0000000000406f18                Dem_GetEvent
                0x0000000000406f58                Dem_GetEventCount
                0x0000000000406f6c                Dem_BufferOverflow
 .text          0x0000000000406f84      0x4a0 ./RTD/src/Det.o
                0x0000000000406f84                Det_Start
                0x0000000000406f86                Det_InitDataNode
                0x000000000040700c                Det_LinkNodeToHead
                0x000000000040703c                Det_DelAllNodesSameId
                0x000000000040713a                Det_FreeNodesInLinkedList
                0x0000000000407170                Det_Init
                0x00000000004072f8                Det_ReportError
                0x000000000040735c                Det_ReportRuntimeError
                0x00000000004073c0                Det_ReportTransientFault
 .text          0x0000000000407424      0x1e0 ./RTD/src/Det_stub.o
                0x0000000000407424                Det_TestLastReportError
                0x0000000000407474                Det_TestLastReportRuntimeError
                0x00000000004074c4                Det_TestLastReportTransientFault
                0x0000000000407514                Det_TestNoError
                0x0000000000407564                Det_TestNoRuntimeError
                0x00000000004075b4                Det_TestNoTransientFault
 .text          0x0000000000407604       0x70 ./RTD/src/EthIf.o
                0x0000000000407604                EthIf_GetIngressTimestamp
                0x0000000000407608                EthIf_RxIndication
                0x0000000000407644                EthIf_TxConfirmation
                0x0000000000407658                EthIf_CtrlModeIndication
                0x0000000000407668                EthIf_SwitchIngressTimeStampIndication
                0x000000000040766a                EthIf_SwitchEgressTimeStampIndication
                0x000000000040766c                EthIf_SwitchMgmtInfoIndication
                0x000000000040766e                EthIf_TrcvModeIndication
                0x0000000000407670                EthIf_SwitchPortModeIndication
 .text          0x0000000000407674       0x1a ./RTD/src/EthSwt.o
                0x0000000000407674                EthSwt_EthRxProcessFrame
                0x000000000040767c                EthSwt_EthRxFinishedIndication
                0x0000000000407680                EthSwt_EthTxPrepareFrame
                0x0000000000407684                EthSwt_EthTxAdaptBufferLength
                0x0000000000407686                EthSwt_EthTxProcessFrame
                0x000000000040768a                EthSwt_EthTxFinishedIndication
 *fill*         0x000000000040768e        0x2 
 .text          0x0000000000407690      0x118 ./RTD/src/EthTrcv.o
                0x0000000000407690                EthTrcv_ReadMiiIndication
                0x0000000000407692                EthTrcv_WriteMiiIndication
                0x0000000000407694                EthTrcv_SetTransceiverMode
                0x00000000004076ac                EthTrcv_SetPhyTxMode
                0x00000000004076bc                EthTrcv_GetPhySignalQuality
                0x00000000004076cc                EthTrcv_GetPhyIdentifier
                0x00000000004076dc                EthTrcv_SetPhyTestMode
                0x00000000004076ec                EthTrcv_SetPhyLoopbackMode
                0x00000000004076fc                EthTrcv_RunCableDiagnostic
                0x000000000040770c                EthTrcv_GetCableDiagnosticsResult
                0x000000000040771c                EthTrcv_TransceiverLinkStateRequest
                0x000000000040772c                EthTrcv_GetTransceiverMode
                0x0000000000407748                EthTrcv_StartAutoNegotiation
                0x0000000000407758                EthTrcv_GetLinkState
                0x0000000000407768                EthTrcv_GetBaudRate
                0x0000000000407778                EthTrcv_GetDuplexMode
                0x0000000000407788                EthTrcv_CheckWakeup
                0x0000000000407798                EthTrcv_GetBusWuReason
 .text          0x00000000004077a8      0x408 ./RTD/src/Eth_43_GMAC.o
                0x00000000004077ca                Eth_43_GMAC_Init
                0x0000000000407818                Eth_43_GMAC_SetControllerMode
                0x000000000040788c                Eth_43_GMAC_GetControllerMode
                0x000000000040789a                Eth_43_GMAC_GetPhysAddr
                0x000000000040789e                Eth_43_GMAC_SetPhysAddr
                0x00000000004078a2                Eth_43_GMAC_UpdatePhysAddrFilter
                0x00000000004078a6                Eth_43_GMAC_GetRxStats
                0x00000000004078aa                Eth_43_GMAC_ProvideTxBuffer
                0x0000000000407924                Eth_43_GMAC_TxTimeAwareShaperInit
                0x0000000000407938                Eth_43_GMAC_Transmit
                0x00000000004079e8                Eth_43_GMAC_Receive
                0x0000000000407ab0                Eth_43_GMAC_ReleaseRxBuffer
                0x0000000000407ad0                Eth_43_GMAC_TxConfirmation
                0x0000000000407af8                Eth_43_GMAC_MainFunction
 .text          0x0000000000407bb0      0x45c ./RTD/src/Eth_43_GMAC_Ipw.o
                0x0000000000407bb0                Eth_43_GMAC_Ipw_SelectPhyInterface
                0x0000000000407c18                Eth_43_GMAC_Ipw_ReceiveFrame
                0x0000000000407c88                Eth_43_GMAC_Ipw_ReleaseResources
                0x0000000000407c98                Eth_43_GMAC_Ipw_GetRxStats
                0x0000000000407d5e                Eth_43_GMAC_Ipw_ErrorDetected
                0x0000000000407d8c                Eth_43_GMAC_Ipw_CheckAccessToController
                0x0000000000407d90                Eth_43_GMAC_Ipw_TxTimeAwareShaperInit
                0x0000000000407d94                Eth_43_GMAC_Ipw_ConfigureController
                0x0000000000407df8                Eth_43_GMAC_Ipw_EnableController
                0x0000000000407e02                Eth_43_GMAC_Ipw_DisableController
                0x0000000000407e10                Eth_43_GMAC_Ipw_GetControllerMode
                0x0000000000407e1e                Eth_43_GMAC_Ipw_GetPhysicalAddress
                0x0000000000407e22                Eth_43_GMAC_Ipw_SetPhysicalAddress
                0x0000000000407e26                Eth_43_GMAC_Ipw_ProvideTxBuffer
                0x0000000000407e94                Eth_43_GMAC_Ipw_Transmit
                0x0000000000407eba                Eth_43_GMAC_Ipw_UpdatePhysAddrFilter
                0x0000000000407f6e                Eth_43_GMAC_Ipw_ReportTransmission
 .text          0x000000000040800c       0x18 ./RTD/src/Eth_43_GMAC_Ipw_Irq.o
                0x000000000040800c                Eth_43_GMAC_Ipw_SafetyIrqCallback
 .text          0x0000000000408024        0x0 ./RTD/src/Eth_43_GMAC_Irq.o
 .text          0x0000000000408024     0x1870 ./RTD/src/Gmac_Ip.o
                0x0000000000408140                Gmac_Ip_EnableTimeGateScheduling
                0x00000000004082ec                Gmac_Ip_Deinit
                0x0000000000408314                Gmac_Ip_GetPowerState
                0x0000000000408324                Gmac_Ip_SetPowerState
                0x0000000000408334                Gmac_Ip_EnableController
                0x000000000040839c                Gmac_Ip_DisableController
                0x00000000004084f0                Gmac_Ip_SetSpeed
                0x0000000000408500                Gmac_Ip_GetTxBuff
                0x0000000000408594                Gmac_Ip_GetTxMultiBuff
                0x0000000000408628                Gmac_Ip_SendFrame
                0x00000000004086b8                Gmac_Ip_SendMultiBufferFrame
                0x000000000040879c                Gmac_Ip_ReadFrame
                0x00000000004088d0                Gmac_Ip_SetRxExternalBuffer
                0x0000000000408920                Gmac_Ip_ProvideRxBuff
                0x00000000004089d4                Gmac_Ip_IsFrameAvailable
                0x0000000000408a00                Gmac_Ip_GetTransmitStatus
                0x0000000000408b08                Gmac_Ip_GetCounter
                0x0000000000408b24                Gmac_Ip_EnableMDIO
                0x0000000000408b6c                Gmac_Ip_MDIORead
                0x0000000000408bb4                Gmac_Ip_MDIOWrite
                0x0000000000408bec                Gmac_Ip_MDIOReadMMD
                0x0000000000408c30                Gmac_Ip_MDIOWriteMMD
                0x0000000000408c70                Gmac_Ip_SetMacAddr
                0x0000000000408c8c                Gmac_Ip_Init
                0x0000000000409184                Gmac_Ip_GetMacAddr
                0x00000000004091b0                Gmac_Ip_GetInterruptFlags
                0x00000000004091c0                Gmac_Ip_GetChInterruptFlags
                0x00000000004091d4                Gmac_Ip_SetBroadcastForwardAll
                0x0000000000409200                Gmac_Ip_SetMulticastForwardAll
                0x0000000000409234                Gmac_Ip_SetUnicastHashFilter
                0x0000000000409260                Gmac_Ip_SetMulticastHashFilter
                0x000000000040928c                Gmac_Ip_SetHashOrPerfectFilter
                0x00000000004092b8                Gmac_Ip_AddDstAddrToHashFilter
                0x00000000004092d8                Gmac_Ip_RemoveDstAddrFromHashFilter
                0x00000000004092f8                Gmac_Ip_SetAddrPerfectFilter
                0x0000000000409378                Gmac_Ip_SetArpOffloading
                0x00000000004093a0                Gmac_Ip_EnableVlan
                0x000000000040940c                Gmac_Ip_SetTxOuterVlanTagForInsertion
                0x0000000000409490                Gmac_Ip_SetTxOuterVlanTagForReplacement
                0x00000000004094c4                Gmac_Ip_SetTxInnerVlanTag
                0x00000000004094e8                Gmac_Ip_SetVlanTagRxFilter
                0x000000000040953c                Gmac_Ip_AddVlanTagToRxFilter
                0x00000000004095b4                Gmac_Ip_ReadVlanTagRxFilter
                0x00000000004095c4                Gmac_Ip_ClearVlanTagRxFilter
                0x0000000000409624                Gmac_Ip_AddVlanTagToHashTable
                0x0000000000409648                Gmac_Ip_RemoveVlanTagFromHashTable
                0x000000000040966c                Gmac_Ip_InitSysTime
                0x0000000000409718                Gmac_Ip_SetSysTimeCorr
                0x000000000040977c                Gmac_Ip_SetRateRatioCorr
                0x0000000000409800                Gmac_Ip_GetSysTime
                0x0000000000409828                Gmac_Ip_SetTxSchedAlgo
                0x0000000000409838                Gmac_Ip_SetTxRingWeight
                0x0000000000409868                Gmac_Ip_EnableTxStoreAndForward
                0x000000000040987c                Gmac_Ip_SetTxThreshold
 .text          0x0000000000409894      0x660 ./RTD/src/Gmac_Ip_Hw_Access.o
                0x00000000004098c2                GMAC_StartTimeOut
                0x00000000004098e2                GMAC_TimeoutExpired
                0x00000000004098fe                GMAC_WriteManagementFrame
                0x0000000000409990                GMAC_CommonIRQHandler
                0x0000000000409b00                GMAC_SafetyIRQHandler
                0x0000000000409bb4                GMAC_RxIRQHandler
                0x0000000000409c00                GMAC_TxIRQHandler
                0x0000000000409c48                GMAC_AddToHashTable
                0x0000000000409c72                GMAC_RemoveFromHashTable
                0x0000000000409c9e                GMAC_AddVlanToHashTable
                0x0000000000409cc4                GMAC_RemoveVlanFromHashTable
                0x0000000000409cea                GMAC_GetPowerState
                0x0000000000409d0e                GMAC_SetPowerState
                0x0000000000409d36                GMAC_SetSpeed
                0x0000000000409d62                GMAC_SetSchedAlg
                0x0000000000409d80                GMAC_SetTxQueueQuantumWeight
                0x0000000000409d84                GMAC_SetTxQueueCreditBasedShaper
                0x0000000000409d8c                GMAC_SetTxQueueOperationMode
                0x0000000000409db2                GMAC_SetTxStoreAndForward
                0x0000000000409dbc                GMAC_SetTxThreshold
                0x0000000000409dd2                GMAC_EnableRxQueue
                0x0000000000409df6                GMAC_SetRxQueueOperationMode
                0x0000000000409e0c                GMAC_SetRxQueuesDmaChMap
                0x0000000000409e38                GMAC_ReadVlanTagRxFilter
                0x0000000000409e8c                GMAC_SetVlanTagInvMatch
                0x0000000000409e9e                GMAC_SetVlanTagDataRxMatch
 .text          0x0000000000409ef4       0x78 ./RTD/src/Gmac_Ip_Irq.o
                0x0000000000409ef4                GMAC0_Common_IRQHandler
                0x0000000000409efa                GMAC0_Safety_IRQHandler
                0x0000000000409f00                GMAC0_CH0_TX_IRQHandler
                0x0000000000409f08                GMAC0_CH1_TX_IRQHandler
                0x0000000000409f10                GMAC0_CH2_TX_IRQHandler
                0x0000000000409f18                GMAC0_CH0_RX_IRQHandler
                0x0000000000409f20                GMAC0_CH1_RX_IRQHandler
                0x0000000000409f28                GMAC0_CH2_RX_IRQHandler
                0x0000000000409f30                GMAC1_Common_IRQHandler
                0x0000000000409f36                GMAC1_Safety_IRQHandler
                0x0000000000409f3c                GMAC1_CH0_TX_IRQHandler
                0x0000000000409f44                GMAC1_CH1_TX_IRQHandler
                0x0000000000409f4c                GMAC1_CH2_TX_IRQHandler
                0x0000000000409f54                GMAC1_CH0_RX_IRQHandler
                0x0000000000409f5c                GMAC1_CH1_RX_IRQHandler
                0x0000000000409f64                GMAC1_CH2_RX_IRQHandler
 .text          0x0000000000409f6c        0x0 ./RTD/src/Igf_Port_Ip.o
 .text          0x0000000000409f6c      0x128 ./RTD/src/Mcu.o
                0x0000000000409f6c                Mcu_Init
                0x0000000000409fdc                Mcu_InitRamSection
                0x0000000000409ff8                Mcu_InitClock
                0x000000000040a018                Mcu_SetMode
                0x000000000040a034                Mcu_DistributePllClock
                0x000000000040a03e                Mcu_GetPllStatus
                0x000000000040a042                Mcu_GetResetReason
                0x000000000040a058                Mcu_GetResetRawValue
                0x000000000040a05c                Mcu_PerformReset
                0x000000000040a06c                Mcu_GetVersionInfo
                0x000000000040a07e                Mcu_GetMidrStructure
                0x000000000040a082                Mcu_GetRamState
                0x000000000040a086                Mcu_EmiosConfigureGpren
                0x000000000040a08a                Mcu_GetClockFrequency
                0x000000000040a08e                Mcu_SleepOnExit
                0x000000000040a092                Mcu_ClkSrcFailureNotification
 .text          0x000000000040a094        0x0 ./RTD/src/Mcu_Dem_Wrapper.o
 .text          0x000000000040a094       0xe4 ./RTD/src/Mcu_Ipw.o
                0x000000000040a094                Mcu_Ipw_ClockNotificationsCallback
                0x000000000040a09e                Mcu_Ipw_Init
                0x000000000040a0b8                Mcu_Ipw_InitRamSection
                0x000000000040a0c6                Mcu_Ipw_InitClock
                0x000000000040a0ca                Mcu_Ipw_DistributePllClock
                0x000000000040a0ce                Mcu_Ipw_GetPllStatus
                0x000000000040a0d2                MCU_Ipw_GetClockFrequency
                0x000000000040a0d6                Mcu_Ipw_SetMode
                0x000000000040a0ee                Mcu_Ipw_PerformReset
                0x000000000040a0f2                Mcu_Ipw_GetResetReason
                0x000000000040a0f6                Mcu_Ipw_GetResetRawValue
                0x000000000040a0fa                Mcu_Ipw_GetRamState
                0x000000000040a108                Mcu_Ipw_GetMidrStructure
                0x000000000040a124                Mcu_Ipw_EmiosConfigureGpren
                0x000000000040a16c                Mcu_Ipw_SleepOnExit
 .text          0x000000000040a178        0x0 ./RTD/src/OsIf_Interrupts.o
 .text          0x000000000040a178        0x0 ./RTD/src/OsIf_Software_Semaphore.o
 .text          0x000000000040a178       0x1e ./RTD/src/OsIf_Timer.o
                0x000000000040a178                OsIf_Init
                0x000000000040a180                OsIf_GetCounter
                0x000000000040a184                OsIf_GetElapsed
                0x000000000040a18c                OsIf_SetTimerFrequency
                0x000000000040a18e                OsIf_MicrosToTicks
 .text          0x000000000040a196        0x0 ./RTD/src/OsIf_Timer_System.o
 .text          0x000000000040a196       0x4c ./RTD/src/OsIf_Timer_System_Internal_Systick.o
                0x000000000040a196                OsIf_Timer_System_Internal_Init
                0x000000000040a1ac                OsIf_Timer_System_Internal_GetCounter
                0x000000000040a1b8                OsIf_Timer_System_Internal_GetElapsed
 *fill*         0x000000000040a1e2        0x2 
 .text          0x000000000040a1e4       0xe0 ./RTD/src/Port.o
                0x000000000040a1e4                Port_Init
                0x000000000040a21c                Port_SetPinDirection
                0x000000000040a24c                Port_SetPinMode
                0x000000000040a278                Port_RefreshPortDirection
                0x000000000040a2a4                Port_GetVersionInfo
 .text          0x000000000040a2c4      0x428 ./RTD/src/Port_Ipw.o
                0x000000000040a320                Port_Ipw_Init
                0x000000000040a3c8                Port_Ipw_SetPinDirection
                0x000000000040a478                Port_Ipw_SetPinMode
                0x000000000040a67c                Port_Ipw_RefreshPortDirection
 .text          0x000000000040a6ec      0x110 ./RTD/src/Power_Ip.o
                0x000000000040a72c                Power_Ip_SetMode
                0x000000000040a794                Power_Ip_GetPreviousMode
                0x000000000040a7a8                Power_Ip_PerformReset
                0x000000000040a7ae                Power_Ip_GetResetReason
                0x000000000040a7ca                Power_Ip_GetResetRawValue
                0x000000000040a7ce                Power_Ip_Init
                0x000000000040a7e8                Power_Ip_InstallNotificationsCallback
                0x000000000040a7f4                Power_Ip_EnableSleepOnExit
                0x000000000040a7f8                Power_Ip_DisableSleepOnExit
 .text          0x000000000040a7fc        0x0 ./RTD/src/Power_Ip_AEC.o
 .text          0x000000000040a7fc       0x48 ./RTD/src/Power_Ip_CortexM7.o
                0x000000000040a7fc                Power_Ip_CM7_DisableSleepOnExit
                0x000000000040a80e                Power_Ip_CM7_EnableSleepOnExit
                0x000000000040a820                Power_Ip_CM7_DisableDeepSleep
                0x000000000040a832                Power_Ip_CM7_EnableDeepSleep
 .text          0x000000000040a844       0x6c ./RTD/src/Power_Ip_DCM_GPR.o
                0x000000000040a844                Power_Ip_DCM_GPR_Config
                0x000000000040a878                Power_Ip_DCM_GPR_GlobalPadkeepingConfig
                0x000000000040a894                Power_Ip_DCM_GPR_PMICBypasses
 .text          0x000000000040a8b0       0x10 ./RTD/src/Power_Ip_FLASH.o
                0x000000000040a8b0                Power_Ip_FLASH_HighVoltageOperationOngoing
 .text          0x000000000040a8c0      0x394 ./RTD/src/Power_Ip_MC_ME.o
                0x000000000040a97e                Power_Ip_MC_ME_ConfigCoreCOFBClock
                0x000000000040ab88                Power_Ip_MC_ME_EnablePartitionClock
                0x000000000040abb2                Power_Ip_MC_ME_DisablePartitionClock
                0x000000000040abdc                Power_Ip_MC_ME_SocTriggerResetEvent
                0x000000000040abf8                Power_Ip_MC_ME_CoreStandbyEntry
                0x000000000040ac0e                Power_Ip_MC_ME_SocStandbyEntry
                0x000000000040ac40                Power_Ip_MC_ME_GetPreviousMode
 .text          0x000000000040ac54      0x2ac ./RTD/src/Power_Ip_MC_RGM.o
                0x000000000040ace4                Power_Ip_MC_RGM_ResetInit
                0x000000000040ad20                Power_Ip_MC_RGM_GetResetReason
                0x000000000040adcc                Power_Ip_MC_RGM_GetResetReason_Uint
                0x000000000040add0                Power_Ip_MC_RGM_ResetDuringStandby
                0x000000000040adf4                Power_Ip_MC_RGM_GetResetRawValue
                0x000000000040aeb0                Power_Ip_MC_RGM_PerformReset
                0x000000000040aec6                Power_Ip_MC_RGM_ResetAltInt
 .text          0x000000000040af00        0x4 ./RTD/src/Power_Ip_MC_RGM_Irq.o
                0x000000000040af00                MC_RGM_ResetAlt_IRQHandler
 .text          0x000000000040af04      0x124 ./RTD/src/Power_Ip_PMC.o
                0x000000000040af04                Power_Ip_PMC_PowerInit
                0x000000000040af74                Power_Ip_PMC_PrepareLowPowerEntry
                0x000000000040af84                Power_Ip_PMC_VoltageErrorIsr
 .text          0x000000000040b028        0x4 ./RTD/src/Power_Ip_PMC_Irq.o
                0x000000000040b028                PMC_VoltageError_IRQHandler
 .text          0x000000000040b02c       0x4c ./RTD/src/Power_Ip_Private.o
                0x000000000040b02c                Power_Ip_ReportPowerErrors
                0x000000000040b038                Power_Ip_ReportPowerErrorsEmptyCallback
                0x000000000040b03a                Power_Ip_StartTimeout
                0x000000000040b05a                Power_Ip_TimeoutExpired
 .text          0x000000000040b078      0x21c ./RTD/src/Ram_Ip.o
                0x000000000040b07a                Ram_Ip_InitRamSection
                0x000000000040b18e                Ram_Ip_GetRamState
                0x000000000040b288                Ram_Ip_InstallNotificationsCallback
 .text          0x000000000040b294       0xb4 ./RTD/src/SchM_BaseNXP.o
                0x000000000040b294                BaseNXP_schm_read_msr
                0x000000000040b29a                SchM_Enter_BaseNXP_BASENXP_EXCLUSIVE_AREA_00
                0x000000000040b2c8                SchM_Exit_BaseNXP_BASENXP_EXCLUSIVE_AREA_00
                0x000000000040b2f4                SchM_Enter_BaseNXP_BASENXP_EXCLUSIVE_AREA_01
                0x000000000040b324                SchM_Exit_BaseNXP_BASENXP_EXCLUSIVE_AREA_01
 .text          0x000000000040b348      0x224 ./RTD/src/SchM_Eth_43_GMAC.o
                0x000000000040b348                Eth_43_GMAC_schm_read_msr
                0x000000000040b34e                SchM_Enter_Eth_43_GMAC_ETH_EXCLUSIVE_AREA_00
                0x000000000040b37c                SchM_Exit_Eth_43_GMAC_ETH_EXCLUSIVE_AREA_00
                0x000000000040b3a8                SchM_Enter_Eth_43_GMAC_ETH_EXCLUSIVE_AREA_01
                0x000000000040b3d8                SchM_Exit_Eth_43_GMAC_ETH_EXCLUSIVE_AREA_01
                0x000000000040b3fc                SchM_Enter_Eth_43_GMAC_ETH_EXCLUSIVE_AREA_02
                0x000000000040b42c                SchM_Exit_Eth_43_GMAC_ETH_EXCLUSIVE_AREA_02
                0x000000000040b450                SchM_Enter_Eth_43_GMAC_ETH_EXCLUSIVE_AREA_03
                0x000000000040b480                SchM_Exit_Eth_43_GMAC_ETH_EXCLUSIVE_AREA_03
                0x000000000040b4a4                SchM_Enter_Eth_43_GMAC_ETH_EXCLUSIVE_AREA_35
                0x000000000040b4dc                SchM_Exit_Eth_43_GMAC_ETH_EXCLUSIVE_AREA_35
                0x000000000040b508                SchM_Enter_Eth_43_GMAC_ETH_EXCLUSIVE_AREA_36
                0x000000000040b540                SchM_Exit_Eth_43_GMAC_ETH_EXCLUSIVE_AREA_36
 .text          0x000000000040b56c      0x108 ./RTD/src/SchM_Mcu.o
                0x000000000040b56c                Mcu_schm_read_msr
                0x000000000040b572                SchM_Enter_Mcu_MCU_EXCLUSIVE_AREA_00
                0x000000000040b5a0                SchM_Exit_Mcu_MCU_EXCLUSIVE_AREA_00
                0x000000000040b5cc                SchM_Enter_Mcu_MCU_EXCLUSIVE_AREA_01
                0x000000000040b5fc                SchM_Exit_Mcu_MCU_EXCLUSIVE_AREA_01
                0x000000000040b620                SchM_Enter_Mcu_MCU_EXCLUSIVE_AREA_02
                0x000000000040b650                SchM_Exit_Mcu_MCU_EXCLUSIVE_AREA_02
 .text          0x000000000040b674      0xabc ./RTD/src/SchM_Port.o
                0x000000000040b674                Port_schm_read_msr
                0x000000000040b67a                SchM_Enter_Port_PORT_EXCLUSIVE_AREA_00
                0x000000000040b6a8                SchM_Exit_Port_PORT_EXCLUSIVE_AREA_00
                0x000000000040b6d4                SchM_Enter_Port_PORT_EXCLUSIVE_AREA_01
                0x000000000040b704                SchM_Exit_Port_PORT_EXCLUSIVE_AREA_01
                0x000000000040b728                SchM_Enter_Port_PORT_EXCLUSIVE_AREA_02
                0x000000000040b758                SchM_Exit_Port_PORT_EXCLUSIVE_AREA_02
                0x000000000040b77c                SchM_Enter_Port_PORT_EXCLUSIVE_AREA_03
                0x000000000040b7ac                SchM_Exit_Port_PORT_EXCLUSIVE_AREA_03
                0x000000000040b7d0                SchM_Enter_Port_PORT_EXCLUSIVE_AREA_04
                0x000000000040b808                SchM_Exit_Port_PORT_EXCLUSIVE_AREA_04
                0x000000000040b834                SchM_Enter_Port_PORT_EXCLUSIVE_AREA_05
                0x000000000040b86c                SchM_Exit_Port_PORT_EXCLUSIVE_AREA_05
                0x000000000040b898                SchM_Enter_Port_PORT_EXCLUSIVE_AREA_06
                0x000000000040b8d0                SchM_Exit_Port_PORT_EXCLUSIVE_AREA_06
                0x000000000040b8fc                SchM_Enter_Port_PORT_EXCLUSIVE_AREA_07
                0x000000000040b934                SchM_Exit_Port_PORT_EXCLUSIVE_AREA_07
                0x000000000040b960                SchM_Enter_Port_PORT_EXCLUSIVE_AREA_08
                0x000000000040b998                SchM_Exit_Port_PORT_EXCLUSIVE_AREA_08
                0x000000000040b9c4                SchM_Enter_Port_PORT_EXCLUSIVE_AREA_09
                0x000000000040b9fc                SchM_Exit_Port_PORT_EXCLUSIVE_AREA_09
                0x000000000040ba28                SchM_Enter_Port_PORT_EXCLUSIVE_AREA_10
                0x000000000040ba60                SchM_Exit_Port_PORT_EXCLUSIVE_AREA_10
                0x000000000040ba8c                SchM_Enter_Port_PORT_EXCLUSIVE_AREA_11
                0x000000000040bac4                SchM_Exit_Port_PORT_EXCLUSIVE_AREA_11
                0x000000000040baf0                SchM_Enter_Port_PORT_EXCLUSIVE_AREA_12
                0x000000000040bb28                SchM_Exit_Port_PORT_EXCLUSIVE_AREA_12
                0x000000000040bb54                SchM_Enter_Port_PORT_EXCLUSIVE_AREA_13
                0x000000000040bb8c                SchM_Exit_Port_PORT_EXCLUSIVE_AREA_13
                0x000000000040bbb8                SchM_Enter_Port_PORT_EXCLUSIVE_AREA_14
                0x000000000040bbf0                SchM_Exit_Port_PORT_EXCLUSIVE_AREA_14
                0x000000000040bc1c                SchM_Enter_Port_PORT_EXCLUSIVE_AREA_15
                0x000000000040bc54                SchM_Exit_Port_PORT_EXCLUSIVE_AREA_15
                0x000000000040bc80                SchM_Enter_Port_PORT_EXCLUSIVE_AREA_16
                0x000000000040bcb8                SchM_Exit_Port_PORT_EXCLUSIVE_AREA_16
                0x000000000040bce4                SchM_Enter_Port_PORT_EXCLUSIVE_AREA_17
                0x000000000040bd1c                SchM_Exit_Port_PORT_EXCLUSIVE_AREA_17
                0x000000000040bd48                SchM_Enter_Port_PORT_EXCLUSIVE_AREA_18
                0x000000000040bd80                SchM_Exit_Port_PORT_EXCLUSIVE_AREA_18
                0x000000000040bdac                SchM_Enter_Port_PORT_EXCLUSIVE_AREA_19
                0x000000000040bde4                SchM_Exit_Port_PORT_EXCLUSIVE_AREA_19
                0x000000000040be10                SchM_Enter_Port_PORT_EXCLUSIVE_AREA_20
                0x000000000040be48                SchM_Exit_Port_PORT_EXCLUSIVE_AREA_20
                0x000000000040be74                SchM_Enter_Port_PORT_EXCLUSIVE_AREA_21
                0x000000000040beac                SchM_Exit_Port_PORT_EXCLUSIVE_AREA_21
                0x000000000040bed8                SchM_Enter_Port_PORT_EXCLUSIVE_AREA_22
                0x000000000040bf10                SchM_Exit_Port_PORT_EXCLUSIVE_AREA_22
                0x000000000040bf3c                SchM_Enter_Port_PORT_EXCLUSIVE_AREA_23
                0x000000000040bf74                SchM_Exit_Port_PORT_EXCLUSIVE_AREA_23
                0x000000000040bfa0                SchM_Enter_Port_PORT_EXCLUSIVE_AREA_24
                0x000000000040bfd8                SchM_Exit_Port_PORT_EXCLUSIVE_AREA_24
                0x000000000040c004                SchM_Enter_Port_PORT_EXCLUSIVE_AREA_25
                0x000000000040c03c                SchM_Exit_Port_PORT_EXCLUSIVE_AREA_25
                0x000000000040c068                SchM_Enter_Port_PORT_EXCLUSIVE_AREA_26
                0x000000000040c0a0                SchM_Exit_Port_PORT_EXCLUSIVE_AREA_26
                0x000000000040c0cc                SchM_Enter_Port_PORT_EXCLUSIVE_AREA_27
                0x000000000040c104                SchM_Exit_Port_PORT_EXCLUSIVE_AREA_27
 .text          0x000000000040c130      0x3a8 ./RTD/src/Siul2_Port_Ip.o
                0x000000000040c268                Siul2_Port_Ip_Init
                0x000000000040c290                Siul2_Port_Ip_SetPullSel
                0x000000000040c2d2                Siul2_Port_Ip_SetOutputBuffer
                0x000000000040c322                Siul2_Port_Ip_SetInputBuffer
                0x000000000040c386                Siul2_Port_Ip_SetPinDirection
                0x000000000040c3e8                Siul2_Port_Ip_RevertPinConfiguration
                0x000000000040c42c                Siul2_Port_Ip_GetPinConfiguration
 .text          0x000000000040c4d8       0xf4 ./RTD/src/Tspc_Port_Ip.o
                0x000000000040c4d8                Tspc_Port_Ip_EnableObeGroup
                0x000000000040c500                Tspc_Port_Ip_DisableObeGroup
                0x000000000040c528                Tspc_Port_Ip_MaskObeGroup
                0x000000000040c53c                Tspc_Port_Ip_ConfigureObeGroup
 .text          0x000000000040c5cc        0x0 ./board/Siul2_Port_Ip_Cfg.o
 .text          0x000000000040c5cc        0x0 ./board/Tspc_Port_Ip_Cfg.o
 .text          0x000000000040c5cc        0x0 ./board/dcf_config.o
 .text          0x000000000040c5cc        0x0 ./board/ivt_config.o
 .text          0x000000000040c5cc        0x0 ./generate/src/Clock_Ip_Cfg.o
 .text          0x000000000040c5cc        0x0 ./generate/src/Clock_Ip_VS_0_PBcfg.o
 .text          0x000000000040c5cc        0x0 ./generate/src/Eth_43_GMAC_Ipw_VS_0_PBcfg.o
 .text          0x000000000040c5cc        0x0 ./generate/src/Eth_43_GMAC_VS_0_PBcfg.o
 .text          0x000000000040c5cc        0x0 ./generate/src/Gmac_Ip_Cfg.o
 .text          0x000000000040c5cc        0x0 ./generate/src/Gmac_Ip_VS_0_PBcfg.o
 .text          0x000000000040c5cc        0x0 ./generate/src/Igf_Port_Ip_Cfg.o
 .text          0x000000000040c5cc        0x0 ./generate/src/Igf_Port_Ip_VS_0_PBcfg.o
 .text          0x000000000040c5cc        0x0 ./generate/src/Mcu_Cfg.o
 .text          0x000000000040c5cc        0x0 ./generate/src/Mcu_VS_0_PBcfg.o
 .text          0x000000000040c5cc        0x0 ./generate/src/OsIf_Cfg.o
 .text          0x000000000040c5cc        0x0 ./generate/src/Port_Cfg.o
 .text          0x000000000040c5cc        0x0 ./generate/src/Port_VS_0_PBcfg.o
 .text          0x000000000040c5cc        0x0 ./generate/src/Power_Ip_Cfg.o
 .text          0x000000000040c5cc        0x0 ./generate/src/Power_Ip_VS_0_PBcfg.o
 .text          0x000000000040c5cc        0x0 ./generate/src/Ram_Ip_Cfg.o
 .text          0x000000000040c5cc        0x0 ./generate/src/Ram_Ip_VS_0_PBcfg.o
 .text          0x000000000040c5cc        0x0 ./generate/src/Siul2_Port_Ip_VS_0_PBcfg.o
 .text          0x000000000040c5cc        0x0 ./generate/src/Tspc_Port_Ip_VS_0_PBcfg.o
 .text          0x000000000040c5cc        0x0 ./src/main.o
 .text          0x000000000040c5cc       0xf8 /usr/lib/gcc/arm-none-eabi/10.3.1/../../../arm-none-eabi/lib/thumb/v7e-m+fp/hard/libc_nano.a(lib_a-memmove.o)
                0x000000000040c5cc                memmove
 .text          0x000000000040c6c4       0xa4 /usr/lib/gcc/arm-none-eabi/10.3.1/../../../arm-none-eabi/lib/thumb/v7e-m+fp/hard/libc_nano.a(lib_a-memset.o)
                0x000000000040c6c4                memset
 .text          0x000000000040c768      0x424 /usr/lib/gcc/arm-none-eabi/10.3.1/thumb/v7e-m+fp/hard/libgcc.a(_arm_muldivdf3.o)
                0x000000000040c768                __aeabi_dmul
                0x000000000040c768                __muldf3
                0x000000000040c9bc                __aeabi_ddiv
                0x000000000040c9bc                __divdf3
 .text          0x000000000040cb8c      0x110 /usr/lib/gcc/arm-none-eabi/10.3.1/thumb/v7e-m+fp/hard/libgcc.a(_arm_cmpdf2.o)
                0x000000000040cb8c                __gtdf2
                0x000000000040cb8c                __gedf2
                0x000000000040cb94                __ltdf2
                0x000000000040cb94                __ledf2
                0x000000000040cb9c                __cmpdf2
                0x000000000040cb9c                __eqdf2
                0x000000000040cb9c                __nedf2
                0x000000000040cc18                __aeabi_cdrcmple
                0x000000000040cc28                __aeabi_cdcmple
                0x000000000040cc28                __aeabi_cdcmpeq
                0x000000000040cc38                __aeabi_dcmpeq
                0x000000000040cc4c                __aeabi_dcmplt
                0x000000000040cc60                __aeabi_dcmple
                0x000000000040cc74                __aeabi_dcmpge
                0x000000000040cc88                __aeabi_dcmpgt
 .text          0x000000000040cc9c       0x40 /usr/lib/gcc/arm-none-eabi/10.3.1/thumb/v7e-m+fp/hard/libgcc.a(_arm_fixunsdfsi.o)
                0x000000000040cc9c                __fixunsdfsi
                0x000000000040cc9c                __aeabi_d2uiz
 .text          0x000000000040ccdc       0xa0 /usr/lib/gcc/arm-none-eabi/10.3.1/thumb/v7e-m+fp/hard/libgcc.a(_aeabi_ldivmod.o)
                0x000000000040ccdc                __aeabi_ldivmod
 .text          0x000000000040cd7c       0x30 /usr/lib/gcc/arm-none-eabi/10.3.1/thumb/v7e-m+fp/hard/libgcc.a(_aeabi_uldivmod.o)
                0x000000000040cd7c                __aeabi_uldivmod
 .text          0x000000000040cdac      0x2d0 /usr/lib/gcc/arm-none-eabi/10.3.1/thumb/v7e-m+fp/hard/libgcc.a(_udivmoddi4.o)
                0x000000000040cdac                __udivmoddi4
 .text          0x000000000040d07c        0x4 /usr/lib/gcc/arm-none-eabi/10.3.1/thumb/v7e-m+fp/hard/libgcc.a(_dvmd_tls.o)
                0x000000000040d07c                __aeabi_ldiv0
                0x000000000040d07c                __aeabi_idiv0
 *(.text*)
                0x000000000040d080                . = ALIGN (0x4)
 *(.mcal_text)
                0x000000000040d080                . = ALIGN (0x4)
 *(.acmcu_code_rom)
                0x000000000040d080                . = ALIGN (0x4)
                0x000000000040d080                __acfls_code_rom_start = .
 *(.acfls_code_rom)
                0x000000000040d080                . = ALIGN (0x4)
                0x000000000040d080                __acfls_code_rom_end = .
                0x000000000040d080                __acmem_43_infls_code_rom_start = .
 *(.acmem_43_infls_code_rom)
                0x000000000040d080                . = ALIGN (0x4)
                0x000000000040d080                __acmem_43_infls_code_rom_end = .
 *(.init)
                0x000000000040d080                . = ALIGN (0x4)
 *(.fini)
                0x000000000040d080                . = ALIGN (0x4)
 *(.rodata)
 .rodata        0x000000000040d080     0x12de ./RTD/src/Clock_Ip_Data.o
                0x000000000040d080                Clock_Ip_axGateInfo
                0x000000000040d768                Clock_Ip_axFeatureExtensions
                0x000000000040d9b8                Clock_Ip_aeHwDfsName
                0x000000000040d9bc                Clock_Ip_aeHwPllName
                0x000000000040d9c4                Clock_Ip_aeSourceTypeClockName
                0x000000000040da38                Clock_Ip_apxMcMeTriggerPartitions
                0x000000000040da48                Clock_Ip_apxMcMeGetPartitions
                0x000000000040da58                Clock_Ip_apxMcMeSetPartitions
                0x000000000040da68                Clock_Ip_axCmuInfo
                0x000000000040daf4                Clock_Ip_aeCmuNames
                0x000000000040db10                Clock_Ip_apxCmu
                0x000000000040db2c                Clock_Ip_apxPll
                0x000000000040db3c                Clock_Ip_apxXosc
                0x000000000040db44                Clock_Ip_apxCgmPcfs
                0x000000000040db48                Clock_Ip_apxCgm
                0x000000000040db9c                Clock_Ip_au16SelectorEntryRtcHardwareValue
                0x000000000040dbd6                Clock_Ip_au16SelectorEntryHardwareValue
                0x000000000040dc10                Clock_Ip_au8SoftwareMuxResetValue
                0x000000000040dcc1                Clock_Ip_au8ClockFeatures
                0x000000000040e2fa                Clock_Ip_au8CmuCallbackIndex
                0x000000000040e304                Clock_Ip_au8PcfsCallbackIndex
                0x000000000040e30e                Clock_Ip_au8SelectorCallbackIndex
                0x000000000040e318                Clock_Ip_au8PllCallbackIndex
                0x000000000040e322                Clock_Ip_au8FractionalDividerCallbackIndex
                0x000000000040e32c                Clock_Ip_au8GateCallbackIndex
                0x000000000040e336                Clock_Ip_au8IrcoscCallbackIndex
                0x000000000040e340                Clock_Ip_au8XoscCallbackIndex
                0x000000000040e34a                Clock_Ip_au8DividerTriggerCallbackIndex
                0x000000000040e354                Clock_Ip_au8DividerCallbackIndex
 *fill*         0x000000000040e35e        0x2 
 .rodata        0x000000000040e360       0x14 ./RTD/src/Clock_Ip_Divider.o
                0x000000000040e360                Clock_Ip_axDividerCallbacks
 .rodata        0x000000000040e374       0x10 ./RTD/src/Clock_Ip_DividerTrigger.o
                0x000000000040e374                Clock_Ip_axDividerTriggerCallbacks
 .rodata        0x000000000040e384       0x30 ./RTD/src/Clock_Ip_ExtOsc.o
                0x000000000040e384                Clock_Ip_axExtOscCallbacks
 .rodata        0x000000000040e3b4        0xc ./RTD/src/Clock_Ip_FracDiv.o
                0x000000000040e3b4                Clock_Ip_axFracDivCallbacks
 .rodata        0x000000000040e3c0      0x404 ./RTD/src/Clock_Ip_Frequency.o
 .rodata        0x000000000040e7c4       0x10 ./RTD/src/Clock_Ip_Gate.o
                0x000000000040e7c4                Clock_Ip_axGateCallbacks
 .rodata        0x000000000040e7d4       0x34 ./RTD/src/Clock_Ip_IntOsc.o
                0x000000000040e7d8                Clock_Ip_axIntOscCallbacks
 .rodata        0x000000000040e808       0x20 ./RTD/src/Clock_Ip_Monitor.o
                0x000000000040e808                Clock_Ip_axCmuCallbacks
 .rodata        0x000000000040e828       0x3c ./RTD/src/Clock_Ip_Pll.o
                0x000000000040e828                Clock_Ip_axPllCallbacks
 .rodata        0x000000000040e864        0x8 ./RTD/src/Clock_Ip_ProgFreqSwitch.o
                0x000000000040e864                Clock_Ip_axPcfsCallbacks
 .rodata        0x000000000040e86c       0x28 ./RTD/src/Clock_Ip_Selector.o
                0x000000000040e86c                Clock_Ip_axSelectorCallbacks
 .rodata        0x000000000040e894       0x24 ./RTD/src/Eth_43_GMAC_Ipw.o
 .rodata        0x000000000040e8b8       0x2d ./RTD/src/Gmac_Ip.o
 *fill*         0x000000000040e8e5        0x3 
 .rodata        0x000000000040e8e8       0x3c ./RTD/src/Gmac_Ip_Hw_Access.o
                0x000000000040e8e8                Gmac_apxBases
                0x000000000040e8f4                Gmac_apxChBases
                0x000000000040e90c                Gmac_apxQueueBases
 .rodata        0x000000000040e924        0xc ./RTD/src/Mcu_Ipw.o
 .rodata        0x000000000040e930        0x4 ./RTD/src/Siul2_Port_Ip.o
                0x000000000040e930                Port_au32Siul2BaseAddr
 .rodata        0x000000000040e934       0x10 ./board/dcf_config.o
                0x000000000040e934                dcf_commands
 .rodata        0x000000000040e944      0x100 ./board/ivt_config.o
                0x000000000040e944                ivt_binary
 *fill*         0x000000000040ea44        0x4 
 .rodata        0x000000000040ea48      0x7fc ./generate/src/Clock_Ip_VS_0_PBcfg.o
                0x000000000040ea48                Mcu_aClockConfigPB
 .rodata        0x000000000040f244       0x14 ./generate/src/Eth_43_GMAC_Ipw_VS_0_PBcfg.o
                0x000000000040f244                Eth_43_GMAC_Ipw_aCtrlConfigPB_VS_0
 .rodata        0x000000000040f258       0x80 ./generate/src/Eth_43_GMAC_VS_0_PBcfg.o
                0x000000000040f258                Eth_43_GMAC_xPredefinedConfig
 .rodata        0x000000000040f2d8       0xba ./generate/src/Gmac_Ip_VS_0_PBcfg.o
                0x000000000040f2d8                Gmac_aCtrlConfigPB_VS_0
 *fill*         0x000000000040f392        0x2 
 .rodata        0x000000000040f394       0x20 ./generate/src/Mcu_VS_0_PBcfg.o
                0x000000000040f394                Mcu_PreCompileConfig
 .rodata        0x000000000040f3b4     0x3220 ./generate/src/Port_Cfg.o
                0x000000000040f3b4                Port_apInoutMuxSettings
                0x000000000040f3b8                Port_apInMuxSettingsIndex
                0x000000000040f3bc                Port_apInMuxSettings
                0x000000000040f3c0                Port_apSiul2InstancePinModeAvailability
                0x000000000040f3c4                Port_au16NumInoutMuxSettings
 .rodata        0x00000000004125d4      0x841 ./generate/src/Port_VS_0_PBcfg.o
                0x00000000004125d4                Port_Config
 *fill*         0x0000000000412e15        0x3 
 .rodata        0x0000000000412e18      0x140 ./generate/src/Power_Ip_VS_0_PBcfg.o
                0x0000000000412e18                Power_Ip_HwIPsConfigPB
                0x0000000000412e38                Power_Ip_aModeConfigPB
 .rodata        0x0000000000412f58       0x14 ./generate/src/Ram_Ip_VS_0_PBcfg.o
                0x0000000000412f58                Mcu_aRamConfigPB
 .rodata        0x0000000000412f6c      0x6c0 ./generate/src/Siul2_Port_Ip_VS_0_PBcfg.o
                0x0000000000412f6c                g_pin_mux_InitConfigArr_VS_0
 .rodata        0x000000000041362c       0x48 ./generate/src/Tspc_Port_Ip_VS_0_PBcfg.o
                0x000000000041362c                aTspc_InitConfigArr_VS_0
 *(.rodata*)
 .rodata.str1.1
                0x0000000000413674        0x7 ./src/main.o
                0x000000000041367c                . = ALIGN (0x4)
 *fill*         0x000000000041367b        0x1 
 *(.mcal_const_cfg)
                0x000000000041367c                . = ALIGN (0x4)
 *(.mcal_const)
                0x000000000041367c                . = ALIGN (0x4)
                0x000000000041367c                __init_table = .
 *(.init_table)
 .init_table    0x000000000041367c       0x4c ./Project_Settings/Startup_Code/startup_cm7.o
                0x00000000004136c8                . = ALIGN (0x4)
                0x00000000004136c8                __zero_table = .
 *(.zero_table)
 .zero_table    0x00000000004136c8       0x1c ./Project_Settings/Startup_Code/startup_cm7.o

.ARM.extab      0x00000000004136e4        0x0
 .ARM.extab     0x00000000004136e4        0x0 /usr/lib/gcc/arm-none-eabi/10.3.1/thumb/v7e-m+fp/hard/libgcc.a(_udivmoddi4.o)

.ARM.exidx      0x00000000004136e4        0x8
 .ARM.exidx     0x00000000004136e4        0x8 /usr/lib/gcc/arm-none-eabi/10.3.1/thumb/v7e-m+fp/hard/libgcc.a(_udivmoddi4.o)

.glue_7         0x00000000004136ec        0x0
 .glue_7        0x00000000004136ec        0x0 linker stubs

.glue_7t        0x00000000004136ec        0x0
 .glue_7t       0x00000000004136ec        0x0 linker stubs

.vfp11_veneer   0x00000000004136ec        0x0
 .vfp11_veneer  0x00000000004136ec        0x0 linker stubs

.v4_bx          0x00000000004136ec        0x0
 .v4_bx         0x00000000004136ec        0x0 linker stubs

.iplt           0x00000000004136ec        0x0
 .iplt          0x00000000004136ec        0x0 ./Project_Settings/Startup_Code/Vector_Table.o

.rel.dyn        0x00000000004136ec        0x0
 .rel.iplt      0x00000000004136ec        0x0 ./Project_Settings/Startup_Code/Vector_Table.o
                0x00000000004136ec                . = ALIGN (0x4)
                0x00000000004136ec                __text_end = .
                0x00000000004136ec                __sram_data_rom = __text_end

.sram_bss       0x0000000020400000     0x1d10
                0x0000000020400000                . = ALIGN (0x8)
                0x0000000020400000                __standby_ram_begin__ = .
 *(.standby_data)
                0x0000000020400000                . = ALIGN (0x8)
                0x0000000020400000                __standby_ram_end__ = .
                0x0000000020400000                . = ALIGN (0x10)
                0x0000000020400000                __sram_bss_start = .
 *(.bss)
 .bss           0x0000000020400000        0x0 ./Project_Settings/Startup_Code/Vector_Table.o
 .bss           0x0000000020400000        0x0 ./Project_Settings/Startup_Code/exceptions.o
 .bss           0x0000000020400000        0x0 ./Project_Settings/Startup_Code/nvic.o
 .bss           0x0000000020400000        0x0 ./Project_Settings/Startup_Code/startup.o
 .bss           0x0000000020400000        0x0 ./Project_Settings/Startup_Code/startup_cm7.o
 .bss           0x0000000020400000       0x84 ./Project_Settings/Startup_Code/system.o
                0x0000000020400000                rbar
                0x0000000020400040                rasr
                0x0000000020400080                RESET_CATCH_CORE
 .bss           0x0000000020400084       0xba ./RTD/src/Clock_Ip.o
                0x0000000020400084                Clock_Ip_pxConfig
                0x0000000020400089                Clock_Ip_FreqIds
 .bss           0x000000002040013e        0x0 ./RTD/src/Clock_Ip_Data.o
 .bss           0x000000002040013e        0x0 ./RTD/src/Clock_Ip_Divider.o
 .bss           0x000000002040013e        0x0 ./RTD/src/Clock_Ip_DividerTrigger.o
 .bss           0x000000002040013e        0x0 ./RTD/src/Clock_Ip_ExtOsc.o
 .bss           0x000000002040013e        0x0 ./RTD/src/Clock_Ip_FracDiv.o
 .bss           0x000000002040013e        0x0 ./RTD/src/Clock_Ip_Frequency.o
 .bss           0x000000002040013e        0x0 ./RTD/src/Clock_Ip_Gate.o
 .bss           0x000000002040013e        0x0 ./RTD/src/Clock_Ip_IntOsc.o
 .bss           0x000000002040013e        0x0 ./RTD/src/Clock_Ip_Irq.o
 *fill*         0x000000002040013e        0x2 
 .bss           0x0000000020400140       0x10 ./RTD/src/Clock_Ip_Monitor.o
 .bss           0x0000000020400150        0x0 ./RTD/src/Clock_Ip_Pll.o
 .bss           0x0000000020400150        0x8 ./RTD/src/Clock_Ip_ProgFreqSwitch.o
 .bss           0x0000000020400158        0x0 ./RTD/src/Clock_Ip_Selector.o
 .bss           0x0000000020400158        0x9 ./RTD/src/Clock_Ip_Specific.o
 *fill*         0x0000000020400161        0x3 
 .bss           0x0000000020400164      0x798 ./RTD/src/Dem.o
                0x0000000020400164                Dem_numEventErrors
                0x0000000020400174                Dem_EventId
                0x000000002040056c                Dem_EventStatus
                0x0000000020400768                Dem_OverflowEvent
                0x000000002040076c                Dem_au8ExtendedData
 .bss           0x00000000204008fc        0x0 ./RTD/src/Dem_stub.o
 .bss           0x00000000204008fc      0x7a0 ./RTD/src/Det.o
                0x00000000204008fc                Det_numEventErrors
                0x000000002040091c                Det_numRuntimeEventErrors
                0x000000002040093c                Det_numTransientEventErrors
                0x000000002040095c                Det_OverflowErrorFlag
                0x0000000020400964                Det_OverflowRuntimeErrorFlag
                0x000000002040096c                Det_OverflowTransientErrorFlag
                0x0000000020400974                Det_aErrorState
                0x0000000020400a94                Det_ModuleId
                0x0000000020400ae4                Det_InstanceId
                0x0000000020400b0c                Det_ApiId
                0x0000000020400b34                Det_ErrorId
                0x0000000020400b5c                Det_NextIdxList
                0x0000000020400bac                Det_Head
                0x0000000020400bbc                Det_Tail
                0x0000000020400bcc                Det_aRuntimeErrorState
                0x0000000020400cec                Det_RuntimeModuleId
                0x0000000020400d3c                Det_RuntimeInstanceId
                0x0000000020400d64                Det_RuntimeApiId
                0x0000000020400d8c                Det_RuntimeErrorId
                0x0000000020400db4                Det_Runtime_NextIdxList
                0x0000000020400e04                Det_Runtime_Head
                0x0000000020400e14                Det_Runtime_Tail
                0x0000000020400e24                Det_aTransientErrorState
                0x0000000020400f44                Det_TransientModuleId
                0x0000000020400f94                Det_TransientInstanceId
                0x0000000020400fbc                Det_TransientApiId
                0x0000000020400fe4                Det_TransientFaultId
                0x000000002040100c                Det_Transient_NextIdxList
                0x000000002040105c                Det_Transient_Head
                0x000000002040106c                Det_Transient_Tail
                0x000000002040107c                Det_ModuleState
 .bss           0x000000002040109c        0x0 ./RTD/src/Det_stub.o
 .bss           0x000000002040109c       0x6e ./RTD/src/EthIf.o
                0x000000002040109c                EthIf_RxIndications
                0x00000000204010c4                EthIf_ChecksumValue
                0x00000000204010d8                EthIf_TxConfirmations
                0x0000000020401100                EthIf_ModeIndications
 .bss           0x000000002040110a        0x0 ./RTD/src/EthSwt.o
 .bss           0x000000002040110a        0x7 ./RTD/src/EthTrcv.o
                0x000000002040110a                EthTrcv_FunctionCalled
                0x000000002040110b                StartAutoNegotiation_FunctionCalled
                0x000000002040110c                GetLinkState_FunctionCalled
                0x000000002040110d                GetBaudRate_FunctionCalled
                0x000000002040110e                GetDuplexMode_FunctionCalled
                0x000000002040110f                CheckWakeup_FunctionCalled
                0x0000000020401110                GetSwitchPortWakeupReason_FunctionCalled
 *fill*         0x0000000020401111        0x3 
 .bss           0x0000000020401114       0x58 ./RTD/src/Eth_43_GMAC.o
                0x0000000020401120                Eth_43_GMAC_axTransmissionRequests
                0x0000000020401128                Eth_43_GMAC_axTxBufferIdxMap
                0x0000000020401168                Eth_43_GMAC_pLastTransmissionRequestQueueTail
 .bss           0x000000002040116c       0x64 ./RTD/src/Eth_43_GMAC_Ipw.o
                0x00000000204011b8                Eth_43_GMAC_Ipw_apxInternalCfg
 .bss           0x00000000204011d0        0x0 ./RTD/src/Eth_43_GMAC_Ipw_Irq.o
 .bss           0x00000000204011d0        0x0 ./RTD/src/Eth_43_GMAC_Irq.o
 .bss           0x00000000204011d0       0x4c ./RTD/src/Gmac_Ip.o
                0x0000000020401208                Gmac_apxState
                0x0000000020401210                Gmac_Ip_u16NumberOfClearedBd
 .bss           0x000000002040121c        0x0 ./RTD/src/Gmac_Ip_Hw_Access.o
 .bss           0x000000002040121c        0x0 ./RTD/src/Gmac_Ip_Irq.o
 .bss           0x000000002040121c        0x0 ./RTD/src/Igf_Port_Ip.o
 .bss           0x000000002040121c        0x7 ./RTD/src/Mcu.o
                0x000000002040121c                Mcu_pConfigPtr
 .bss           0x0000000020401223        0x0 ./RTD/src/Mcu_Dem_Wrapper.o
 .bss           0x0000000020401223        0x0 ./RTD/src/Mcu_Ipw.o
 .bss           0x0000000020401223        0x0 ./RTD/src/OsIf_Interrupts.o
 .bss           0x0000000020401223        0x0 ./RTD/src/OsIf_Software_Semaphore.o
 .bss           0x0000000020401223        0x0 ./RTD/src/OsIf_Timer.o
 .bss           0x0000000020401223        0x0 ./RTD/src/OsIf_Timer_System.o
 .bss           0x0000000020401223        0x0 ./RTD/src/OsIf_Timer_System_Internal_Systick.o
 *fill*         0x0000000020401223        0x1 
 .bss           0x0000000020401224        0x4 ./RTD/src/Port.o
 .bss           0x0000000020401228       0xf0 ./RTD/src/Port_Ipw.o
 .bss           0x0000000020401318        0x0 ./RTD/src/Power_Ip.o
 .bss           0x0000000020401318        0x0 ./RTD/src/Power_Ip_AEC.o
 .bss           0x0000000020401318        0x0 ./RTD/src/Power_Ip_CortexM7.o
 .bss           0x0000000020401318        0x0 ./RTD/src/Power_Ip_DCM_GPR.o
 .bss           0x0000000020401318        0x0 ./RTD/src/Power_Ip_FLASH.o
 .bss           0x0000000020401318        0x0 ./RTD/src/Power_Ip_MC_ME.o
 .bss           0x0000000020401318       0x10 ./RTD/src/Power_Ip_MC_RGM.o
 .bss           0x0000000020401328        0x0 ./RTD/src/Power_Ip_MC_RGM_Irq.o
 .bss           0x0000000020401328        0x4 ./RTD/src/Power_Ip_PMC.o
 .bss           0x000000002040132c        0x0 ./RTD/src/Power_Ip_PMC_Irq.o
 .bss           0x000000002040132c        0x0 ./RTD/src/Power_Ip_Private.o
 .bss           0x000000002040132c        0x0 ./RTD/src/Ram_Ip.o
 .bss           0x000000002040132c       0x40 ./RTD/src/SchM_BaseNXP.o
 .bss           0x000000002040136c       0xc0 ./RTD/src/SchM_Eth_43_GMAC.o
 .bss           0x000000002040142c       0x60 ./RTD/src/SchM_Mcu.o
 .bss           0x000000002040148c      0x380 ./RTD/src/SchM_Port.o
 .bss           0x000000002040180c        0x8 ./RTD/src/Siul2_Port_Ip.o
 .bss           0x0000000020401814        0x0 ./RTD/src/Tspc_Port_Ip.o
 .bss           0x0000000020401814        0x0 ./board/Siul2_Port_Ip_Cfg.o
 .bss           0x0000000020401814        0x0 ./board/Tspc_Port_Ip_Cfg.o
 .bss           0x0000000020401814        0x0 ./board/dcf_config.o
 .bss           0x0000000020401814        0x0 ./board/ivt_config.o
 .bss           0x0000000020401814        0x0 ./generate/src/Clock_Ip_Cfg.o
 .bss           0x0000000020401814        0x0 ./generate/src/Clock_Ip_VS_0_PBcfg.o
 .bss           0x0000000020401814        0x0 ./generate/src/Eth_43_GMAC_Ipw_VS_0_PBcfg.o
 .bss           0x0000000020401814        0x0 ./generate/src/Eth_43_GMAC_VS_0_PBcfg.o
 *fill*         0x0000000020401814       0xec 
 .bss           0x0000000020401900      0x400 ./generate/src/Gmac_Ip_Cfg.o
                0x0000000020401900                GMAC_0_StateStructure
                0x0000000020401960                GMAC_0_TxRing_0_DescBuffer
                0x00000000204019e0                GMAC_0_RxRing_0_DescBuffer
                0x0000000020401b00                GMAC_0_TxRing_0_DataBuffer
                0x0000000020401c00                GMAC_0_RxRing_0_DataBuffer
 .bss           0x0000000020401d00        0x8 ./generate/src/Gmac_Ip_VS_0_PBcfg.o
 .bss           0x0000000020401d08        0x0 ./generate/src/Igf_Port_Ip_Cfg.o
 .bss           0x0000000020401d08        0x0 ./generate/src/Igf_Port_Ip_VS_0_PBcfg.o
 .bss           0x0000000020401d08        0x0 ./generate/src/Mcu_Cfg.o
 .bss           0x0000000020401d08        0x0 ./generate/src/Mcu_VS_0_PBcfg.o
 .bss           0x0000000020401d08        0x0 ./generate/src/OsIf_Cfg.o
 .bss           0x0000000020401d08        0x0 ./generate/src/Port_Cfg.o
 .bss           0x0000000020401d08        0x0 ./generate/src/Port_VS_0_PBcfg.o
 .bss           0x0000000020401d08        0x0 ./generate/src/Power_Ip_Cfg.o
 .bss           0x0000000020401d08        0x0 ./generate/src/Power_Ip_VS_0_PBcfg.o
 .bss           0x0000000020401d08        0x0 ./generate/src/Ram_Ip_Cfg.o
 .bss           0x0000000020401d08        0x0 ./generate/src/Ram_Ip_VS_0_PBcfg.o
 .bss           0x0000000020401d08        0x0 ./generate/src/Siul2_Port_Ip_VS_0_PBcfg.o
 .bss           0x0000000020401d08        0x0 ./generate/src/Tspc_Port_Ip_VS_0_PBcfg.o
 .bss           0x0000000020401d08        0x0 ./src/main.o
 .bss           0x0000000020401d08        0x0 /usr/lib/gcc/arm-none-eabi/10.3.1/../../../arm-none-eabi/lib/thumb/v7e-m+fp/hard/libc_nano.a(lib_a-memmove.o)
 .bss           0x0000000020401d08        0x0 /usr/lib/gcc/arm-none-eabi/10.3.1/../../../arm-none-eabi/lib/thumb/v7e-m+fp/hard/libc_nano.a(lib_a-memset.o)
 .bss           0x0000000020401d08        0x0 /usr/lib/gcc/arm-none-eabi/10.3.1/thumb/v7e-m+fp/hard/libgcc.a(_arm_muldivdf3.o)
 .bss           0x0000000020401d08        0x0 /usr/lib/gcc/arm-none-eabi/10.3.1/thumb/v7e-m+fp/hard/libgcc.a(_arm_cmpdf2.o)
 .bss           0x0000000020401d08        0x0 /usr/lib/gcc/arm-none-eabi/10.3.1/thumb/v7e-m+fp/hard/libgcc.a(_arm_fixunsdfsi.o)
 .bss           0x0000000020401d08        0x0 /usr/lib/gcc/arm-none-eabi/10.3.1/thumb/v7e-m+fp/hard/libgcc.a(_aeabi_ldivmod.o)
 .bss           0x0000000020401d08        0x0 /usr/lib/gcc/arm-none-eabi/10.3.1/thumb/v7e-m+fp/hard/libgcc.a(_aeabi_uldivmod.o)
 .bss           0x0000000020401d08        0x0 /usr/lib/gcc/arm-none-eabi/10.3.1/thumb/v7e-m+fp/hard/libgcc.a(_udivmoddi4.o)
 .bss           0x0000000020401d08        0x0 /usr/lib/gcc/arm-none-eabi/10.3.1/thumb/v7e-m+fp/hard/libgcc.a(_dvmd_tls.o)
 *(.bss*)
                0x0000000020401d10                . = ALIGN (0x10)
 *fill*         0x0000000020401d08        0x8 
 *(.mcal_bss)
                0x0000000020401d10                . = ALIGN (0x4)
                0x0000000020401d10                __sram_bss_end = .

.sram_data      0x0000000020401d10       0xcc load address 0x00000000004136ec
                0x0000000020401d10                . = ALIGN (0x4)
                0x0000000020401d10                __sram_data_begin__ = .
                0x0000000020401d10                . = ALIGN (0x4)
 *(.ramcode)
                0x0000000020401d10                . = ALIGN (0x4)
 *(.data)
 .data          0x0000000020401d10        0x0 ./Project_Settings/Startup_Code/Vector_Table.o
 .data          0x0000000020401d10        0x0 ./Project_Settings/Startup_Code/exceptions.o
 .data          0x0000000020401d10        0x0 ./Project_Settings/Startup_Code/nvic.o
 .data          0x0000000020401d10        0x0 ./Project_Settings/Startup_Code/startup.o
 .data          0x0000000020401d10        0x0 ./Project_Settings/Startup_Code/startup_cm7.o
 .data          0x0000000020401d10        0x0 ./Project_Settings/Startup_Code/system.o
 .data          0x0000000020401d10        0x4 ./RTD/src/Clock_Ip.o
 .data          0x0000000020401d14        0x0 ./RTD/src/Clock_Ip_Data.o
 .data          0x0000000020401d14        0x0 ./RTD/src/Clock_Ip_Divider.o
 .data          0x0000000020401d14        0x0 ./RTD/src/Clock_Ip_DividerTrigger.o
 .data          0x0000000020401d14        0x0 ./RTD/src/Clock_Ip_ExtOsc.o
 .data          0x0000000020401d14        0x0 ./RTD/src/Clock_Ip_FracDiv.o
 *fill*         0x0000000020401d14        0x4 
 .data          0x0000000020401d18       0x90 ./RTD/src/Clock_Ip_Frequency.o
 .data          0x0000000020401da8        0x0 ./RTD/src/Clock_Ip_Gate.o
 .data          0x0000000020401da8        0x0 ./RTD/src/Clock_Ip_IntOsc.o
 .data          0x0000000020401da8        0x0 ./RTD/src/Clock_Ip_Irq.o
 .data          0x0000000020401da8        0x0 ./RTD/src/Clock_Ip_Monitor.o
 .data          0x0000000020401da8        0x0 ./RTD/src/Clock_Ip_Pll.o
 .data          0x0000000020401da8        0x0 ./RTD/src/Clock_Ip_ProgFreqSwitch.o
 .data          0x0000000020401da8        0x0 ./RTD/src/Clock_Ip_Selector.o
 .data          0x0000000020401da8        0x0 ./RTD/src/Clock_Ip_Specific.o
 .data          0x0000000020401da8        0x0 ./RTD/src/Dem.o
 .data          0x0000000020401da8        0x0 ./RTD/src/Dem_stub.o
 .data          0x0000000020401da8        0x0 ./RTD/src/Det.o
 .data          0x0000000020401da8        0x0 ./RTD/src/Det_stub.o
 .data          0x0000000020401da8        0x4 ./RTD/src/EthIf.o
                0x0000000020401da8                EthIf_GetIngressTimestampCallback
 .data          0x0000000020401dac        0x0 ./RTD/src/EthSwt.o
 .data          0x0000000020401dac        0x4 ./RTD/src/EthTrcv.o
                0x0000000020401dac                TrcvModeGlobal
 .data          0x0000000020401db0        0x0 ./RTD/src/Eth_43_GMAC.o
 .data          0x0000000020401db0        0x0 ./RTD/src/Eth_43_GMAC_Ipw.o
 .data          0x0000000020401db0        0x0 ./RTD/src/Eth_43_GMAC_Ipw_Irq.o
 .data          0x0000000020401db0        0x0 ./RTD/src/Eth_43_GMAC_Irq.o
 .data          0x0000000020401db0        0x0 ./RTD/src/Gmac_Ip.o
 .data          0x0000000020401db0        0x0 ./RTD/src/Gmac_Ip_Hw_Access.o
 .data          0x0000000020401db0        0x0 ./RTD/src/Gmac_Ip_Irq.o
 .data          0x0000000020401db0        0x0 ./RTD/src/Igf_Port_Ip.o
 .data          0x0000000020401db0        0x4 ./RTD/src/Mcu.o
 .data          0x0000000020401db4        0x0 ./RTD/src/Mcu_Dem_Wrapper.o
 .data          0x0000000020401db4        0x0 ./RTD/src/Mcu_Ipw.o
 .data          0x0000000020401db4        0x0 ./RTD/src/OsIf_Interrupts.o
 .data          0x0000000020401db4        0x0 ./RTD/src/OsIf_Software_Semaphore.o
 .data          0x0000000020401db4        0x0 ./RTD/src/OsIf_Timer.o
 .data          0x0000000020401db4        0x0 ./RTD/src/OsIf_Timer_System.o
 .data          0x0000000020401db4        0x0 ./RTD/src/OsIf_Timer_System_Internal_Systick.o
 .data          0x0000000020401db4        0x0 ./RTD/src/Port.o
 .data          0x0000000020401db4        0x0 ./RTD/src/Port_Ipw.o
 .data          0x0000000020401db4        0x4 ./RTD/src/Power_Ip.o
                0x0000000020401db4                Power_Ip_pfReportErrorsCallback
 .data          0x0000000020401db8        0x0 ./RTD/src/Power_Ip_AEC.o
 .data          0x0000000020401db8        0x0 ./RTD/src/Power_Ip_CortexM7.o
 .data          0x0000000020401db8        0x0 ./RTD/src/Power_Ip_DCM_GPR.o
 .data          0x0000000020401db8        0x0 ./RTD/src/Power_Ip_FLASH.o
 .data          0x0000000020401db8        0x0 ./RTD/src/Power_Ip_MC_ME.o
 .data          0x0000000020401db8        0x0 ./RTD/src/Power_Ip_MC_RGM.o
 .data          0x0000000020401db8        0x0 ./RTD/src/Power_Ip_MC_RGM_Irq.o
 .data          0x0000000020401db8        0x0 ./RTD/src/Power_Ip_PMC.o
 .data          0x0000000020401db8        0x0 ./RTD/src/Power_Ip_PMC_Irq.o
 .data          0x0000000020401db8        0x0 ./RTD/src/Power_Ip_Private.o
 .data          0x0000000020401db8        0x4 ./RTD/src/Ram_Ip.o
 .data          0x0000000020401dbc        0x0 ./RTD/src/SchM_BaseNXP.o
 .data          0x0000000020401dbc        0x0 ./RTD/src/SchM_Eth_43_GMAC.o
 .data          0x0000000020401dbc        0x0 ./RTD/src/SchM_Mcu.o
 .data          0x0000000020401dbc        0x0 ./RTD/src/SchM_Port.o
 .data          0x0000000020401dbc        0x0 ./RTD/src/Siul2_Port_Ip.o
 .data          0x0000000020401dbc        0x0 ./RTD/src/Tspc_Port_Ip.o
 .data          0x0000000020401dbc        0x0 ./board/Siul2_Port_Ip_Cfg.o
 .data          0x0000000020401dbc        0x0 ./board/Tspc_Port_Ip_Cfg.o
 .data          0x0000000020401dbc        0x0 ./board/dcf_config.o
 .data          0x0000000020401dbc        0x0 ./board/ivt_config.o
 .data          0x0000000020401dbc        0x0 ./generate/src/Clock_Ip_Cfg.o
 .data          0x0000000020401dbc        0x0 ./generate/src/Clock_Ip_VS_0_PBcfg.o
 .data          0x0000000020401dbc       0x20 ./generate/src/Eth_43_GMAC_Ipw_VS_0_PBcfg.o
 .data          0x0000000020401ddc        0x0 ./generate/src/Eth_43_GMAC_VS_0_PBcfg.o
 .data          0x0000000020401ddc        0x0 ./generate/src/Gmac_Ip_Cfg.o
 .data          0x0000000020401ddc        0x0 ./generate/src/Gmac_Ip_VS_0_PBcfg.o
 .data          0x0000000020401ddc        0x0 ./generate/src/Igf_Port_Ip_Cfg.o
 .data          0x0000000020401ddc        0x0 ./generate/src/Igf_Port_Ip_VS_0_PBcfg.o
 .data          0x0000000020401ddc        0x0 ./generate/src/Mcu_Cfg.o
 .data          0x0000000020401ddc        0x0 ./generate/src/Mcu_VS_0_PBcfg.o
 .data          0x0000000020401ddc        0x0 ./generate/src/OsIf_Cfg.o
 .data          0x0000000020401ddc        0x0 ./generate/src/Port_Cfg.o
 .data          0x0000000020401ddc        0x0 ./generate/src/Port_VS_0_PBcfg.o
 .data          0x0000000020401ddc        0x0 ./generate/src/Power_Ip_Cfg.o
 .data          0x0000000020401ddc        0x0 ./generate/src/Power_Ip_VS_0_PBcfg.o
 .data          0x0000000020401ddc        0x0 ./generate/src/Ram_Ip_Cfg.o
 .data          0x0000000020401ddc        0x0 ./generate/src/Ram_Ip_VS_0_PBcfg.o
 .data          0x0000000020401ddc        0x0 ./generate/src/Siul2_Port_Ip_VS_0_PBcfg.o
 .data          0x0000000020401ddc        0x0 ./generate/src/Tspc_Port_Ip_VS_0_PBcfg.o
 .data          0x0000000020401ddc        0x0 ./src/main.o
 .data          0x0000000020401ddc        0x0 /usr/lib/gcc/arm-none-eabi/10.3.1/../../../arm-none-eabi/lib/thumb/v7e-m+fp/hard/libc_nano.a(lib_a-memmove.o)
 .data          0x0000000020401ddc        0x0 /usr/lib/gcc/arm-none-eabi/10.3.1/../../../arm-none-eabi/lib/thumb/v7e-m+fp/hard/libc_nano.a(lib_a-memset.o)
 .data          0x0000000020401ddc        0x0 /usr/lib/gcc/arm-none-eabi/10.3.1/thumb/v7e-m+fp/hard/libgcc.a(_arm_muldivdf3.o)
 .data          0x0000000020401ddc        0x0 /usr/lib/gcc/arm-none-eabi/10.3.1/thumb/v7e-m+fp/hard/libgcc.a(_arm_cmpdf2.o)
 .data          0x0000000020401ddc        0x0 /usr/lib/gcc/arm-none-eabi/10.3.1/thumb/v7e-m+fp/hard/libgcc.a(_arm_fixunsdfsi.o)
 .data          0x0000000020401ddc        0x0 /usr/lib/gcc/arm-none-eabi/10.3.1/thumb/v7e-m+fp/hard/libgcc.a(_aeabi_ldivmod.o)
 .data          0x0000000020401ddc        0x0 /usr/lib/gcc/arm-none-eabi/10.3.1/thumb/v7e-m+fp/hard/libgcc.a(_aeabi_uldivmod.o)
 .data          0x0000000020401ddc        0x0 /usr/lib/gcc/arm-none-eabi/10.3.1/thumb/v7e-m+fp/hard/libgcc.a(_udivmoddi4.o)
 .data          0x0000000020401ddc        0x0 /usr/lib/gcc/arm-none-eabi/10.3.1/thumb/v7e-m+fp/hard/libgcc.a(_dvmd_tls.o)
 *(.data*)
                0x0000000020401ddc                . = ALIGN (0x4)
 *(.mcal_data)
                0x0000000020401ddc                . = ALIGN (0x4)
                0x0000000020401ddc                __sram_data_end__ = .
                0x00000000004137b8                __sram_data_rom_end = (__sram_data_rom + (__sram_data_end__ - __sram_data_begin__))

.heap           0x0000000020401ddc     0x2000 load address 0x00000000004137b8
                0x0000000000000000                . = (. + ALIGN (0x4))
                0x0000000020401ddc                _end = .
                0x0000000020401ddc                end = .
                0x0000000020401ddc                _heap_start = .
                0x0000000000002000                . = (. + HEAP_SIZE)
 *fill*         0x0000000020401ddc     0x2000 
                0x0000000020403ddc                _heap_end = .

.acfls_code_ram
                0x000000002047ff00        0x0
                0x000000002047ff00                __acfls_code_ram_start = .
 *(.acfls_code_ram)
                0x000000002047ff00                __acfls_code_ram_end = .
                0x000000002047ff00                __acmem_43_infls_code_ram_start = .
 *(.acmem_43_infls_code_ram)
                0x000000002047ff00                __acmem_43_infls_code_ram_end = .
                0x00000000004137b8                __non_cacheable_data_rom = __sram_data_rom_end

.non_cacheable_data
                0x0000000020480000        0x4 load address 0x00000000004137b8
                0x0000000020480000                . = ALIGN (0x4)
                0x0000000020480000                __non_cacheable_data_start__ = .
 *(.mcal_data_no_cacheable)
                0x0000000020480000                . = ALIGN (0x4)
 *(.mcal_const_no_cacheable)
                0x0000000020480000                . = ALIGN (0x4)
                0x0000000020480000                HSE_LOOP_ADDR = .
                0x0000000020480000        0x4 LONG 0x0
                0x0000000020480004                __non_cacheable_data_end__ = .
                0x00000000004137bc                __non_cacheable_data_rom_end = (__non_cacheable_data_rom + (__non_cacheable_data_end__ - __non_cacheable_data_start__))

.igot.plt       0x0000000020480004        0x0 load address 0x00000000004137bc
 .igot.plt      0x0000000020480004        0x0 ./Project_Settings/Startup_Code/Vector_Table.o

.non_cacheable_bss
                0x0000000020480004        0xc load address 0x00000000004137bc
                0x0000000020480010                . = ALIGN (0x10)
 *fill*         0x0000000020480004        0xc 
                0x0000000020480010                __non_cacheable_bss_start = .
 *(.mcal_bss_no_cacheable)
                0x0000000020480010                . = ALIGN (0x4)
                0x0000000020480010                __non_cacheable_bss_end = .

.int_results    0x00000000204bbf00      0x100
                0x00000000204bbf00                . = ALIGN (0x4)
 *(.int_results)
                0x00000000204bc000                . = (. + 0x100)
 *fill*         0x00000000204bbf00      0x100 
                0x00000000004137bc                __shareable_data_rom = __non_cacheable_data_rom_end

.shareable_data
                0x00000000204bc000        0x0 load address 0x00000000004137bc
                0x00000000204bc000                . = ALIGN (0x4)
                0x00000000204bc000                __shareable_data_start__ = .
 *(.mcal_shared_data)
                0x00000000204bc000                . = ALIGN (0x4)
                0x00000000204bc000                __shareable_data_end__ = .
                0x00000000004137bc                __shareable_data_rom_end = (__shareable_data_rom + (__shareable_data_end__ - __shareable_data_start__))

.int_vector     0x0000000020000000      0x408
                0x0000000020000000                . = ALIGN (0x800)
                0x0000000020000000                __interrupts_ram_start = .
                0x0000000020000408                . = (. + (__interrupts_init_end - __interrupts_init_start))
 *fill*         0x0000000020000000      0x408 
                0x0000000020000408                . = ALIGN (0x4)
                0x0000000020000408                __interrupts_ram_end = .
                0x00000000004137bc                __tcm_data_rom = __shareable_data_rom_end

.data_tcm_data  0x0000000020000408        0x0 load address 0x00000000004137bc
                0x0000000020000408                . = ALIGN (0x4)
                0x0000000020000408                __dtcm_data_start__ = .
 *(.dtcm_data*)
                0x0000000020000408                . = ALIGN (0x4)
                0x0000000020000408                __dtcm_data_end__ = .
                0x00000000004137bc                __tcm_data_rom_end = (__tcm_data_rom + (__dtcm_data_end__ - __dtcm_data_start__))

.bss_tcm_data   0x0000000020000408        0x0
                0x0000000020000408                . = ALIGN (0x4)
                0x0000000020000408                __dtcm_bss_start__ = .
 *(.dtcm_bss*)
                0x0000000020000408                . = ALIGN (0x4)
                0x0000000020000408                __dtcm_bss_end__ = .
                0x00000000004137bc                __tcm_code_rom_start = __tcm_data_rom_end

.itcm_text      0x0000000000000000        0x0 load address 0x00000000004137bc
                0x0000000000000000                . = ALIGN (0x4)
                0x0000000000000000                __itcm_start__ = .
 *(.itcm_text*)
                0x0000000000000000                . = ALIGN (0x4)
                0x0000000000000000                __itcm_end__ = .
                0x00000000004137bc                __tcm_code_rom_end = (__tcm_code_rom_start + (__itcm_end__ - __itcm_start__))

.shareable_bss  0x00000000204bc000        0x0
                0x00000000204bc000                . = ALIGN (0x10)
                0x00000000204bc000                __shareable_bss_start = .
 *(.mcal_shared_bss)
                0x00000000204bc000                . = ALIGN (0x4)
                0x00000000204bc000                __shareable_bss_end = .
                0x000000002000f000                __Stack_dtcm_end = ORIGIN (int_stack_dtcm)
                0x0000000020010000                __Stack_dtcm_start = (ORIGIN (int_stack_dtcm) + LENGTH (int_stack_dtcm))
                0x0000000020400000                __INT_SRAM_START = ORIGIN (int_sram)
                0x00000000204c0000                __INT_SRAM_END = ORIGIN (ram_rsvd2)
                0x0000000000000000                __INT_ITCM_START = ORIGIN (int_itcm)
                0x0000000000008000                __INT_ITCM_END = (ORIGIN (int_itcm) + LENGTH (int_itcm))
                0x0000000020000000                __INT_DTCM_START = ORIGIN (int_dtcm)
                0x0000000020010000                __INT_DTCM_END = ((ORIGIN (int_dtcm) + LENGTH (int_dtcm)) + LENGTH (int_stack_dtcm))
                0x00000000204bc000                __RAM_SHAREABLE_START = __shareable_data_start__
                0x000000000000000e                __RAM_SHAREABLE_SIZE = 0xe
                0x00000000004137bc                __ROM_SHAREABLE_START = __shareable_data_rom
                0x00000000004137bc                __ROM_SHAREABLE_END = __shareable_data_rom_end
                0x0000000020480000                __RAM_NO_CACHEABLE_START = __non_cacheable_data_start__
                0x0000000000000012                __RAM_NO_CACHEABLE_SIZE = 0x12
                0x00000000004137b8                __ROM_NO_CACHEABLE_START = __non_cacheable_data_rom
                0x00000000004137bc                __ROM_NO_CACHEABLE_END = __non_cacheable_data_rom_end
                0x0000000020401d10                __RAM_CACHEABLE_START = __sram_data_begin__
                0x0000000000000013                __RAM_CACHEABLE_SIZE = 0x13
                0x00000000004136ec                __ROM_CACHEABLE_START = __sram_data_rom
                0x00000000004137b8                __ROM_CACHEABLE_END = __sram_data_rom_end
                0x0000000000400000                __ROM_CODE_START = ORIGIN (int_pflash)
                0x0000000010000000                __ROM_DATA_START = ORIGIN (int_dflash)
                0x0000000020400000                __BSS_SRAM_START = __sram_bss_start
                0x0000000020401d10                __BSS_SRAM_END = __sram_bss_end
                0x0000000000001d10                __BSS_SRAM_SIZE = (__sram_bss_end - __sram_bss_start)
                0x0000000020480010                __BSS_SRAM_NC_START = __non_cacheable_bss_start
                0x0000000000000000                __BSS_SRAM_NC_SIZE = (__non_cacheable_bss_end - __non_cacheable_bss_start)
                0x0000000020480010                __BSS_SRAM_NC_END = __non_cacheable_bss_end
                0x00000000204bc000                __BSS_SRAM_SH_START = __shareable_bss_start
                0x0000000000000000                __BSS_SRAM_SH_SIZE = (__shareable_bss_end - __shareable_bss_start)
                0x00000000204bc000                __BSS_SRAM_SH_END = __shareable_bss_end
                0x0000000020000000                __RAM_INTERRUPT_START = __interrupts_ram_start
                0x0000000000402000                __INIT_INTERRUPT_START = __interrupts_init_start
                0x0000000000402408                __INIT_INTERRUPT_END = __interrupts_init_end
                0x0000000000000000                __RAM_ITCM_START = __itcm_start__
                0x00000000004137bc                __ROM_ITCM_START = __tcm_code_rom_start
                0x00000000004137bc                __ROM_ITCM_END = __tcm_code_rom_end
                0x0000000020000408                __RAM_DTCM_DATA_START = __dtcm_data_start__
                0x00000000004137bc                __ROM_DTCM_DATA_START = __tcm_data_rom
                0x00000000004137bc                __ROM_DTCM_END = __tcm_data_rom_end
                0x000000000041367c                __INIT_TABLE = __init_table
                0x00000000004136c8                __ZERO_TABLE = __zero_table
                0x0000000000000001                __RAM_INIT = 0x1
                0x0000000000000001                __ITCM_INIT = 0x1
                0x0000000000000001                __DTCM_INIT = 0x1
                0x000000000040d080                Fls_ACEraseRomStart = __acfls_code_rom_start
                0x000000000040d080                Fls_ACEraseRomEnd = __acfls_code_rom_end
                0x0000000000000000                Fls_ACEraseSize = ((__acfls_code_rom_end - __acfls_code_rom_start) / 0x4)
                0x000000000040d080                Fls_ACWriteRomStart = __acfls_code_rom_start
                0x000000000040d080                Fls_ACWriteRomEnd = __acfls_code_rom_end
                0x0000000000000000                Fls_ACWriteSize = ((__acfls_code_rom_end - __acfls_code_rom_start) / 0x4)
                0x000000002047ff00                _ERASE_FUNC_ADDRESS_ = __acfls_code_ram_start
                0x000000002047ff00                _WRITE_FUNC_ADDRESS_ = __acfls_code_ram_start
                0x000000000040d080                Mem_43_INFLS_ACEraseRomStart = __acmem_43_infls_code_rom_start
                0x000000000040d080                Mem_43_INFLS_ACEraseRomEnd = __acmem_43_infls_code_rom_end
                0x0000000000000000                Mem_43_INFLS_ACEraseSize = (((__acmem_43_infls_code_rom_end - __acmem_43_infls_code_rom_start) + 0x3) / 0x4)
                0x000000000040d080                Mem_43_INFLS_ACWriteRomStart = __acmem_43_infls_code_rom_start
                0x000000000040d080                Mem_43_INFLS_ACWriteRomEnd = __acmem_43_infls_code_rom_end
                0x0000000000000000                Mem_43_INFLS_ACWriteSize = (((__acmem_43_infls_code_rom_end - __acmem_43_infls_code_rom_start) + 0x3) / 0x4)
                0x000000002047ff00                _MEM_43_INFLS_ERASE_FUNC_ADDRESS_ = __acmem_43_infls_code_ram_start
                0x000000002047ff00                _MEM_43_INFLS_WRITE_FUNC_ADDRESS_ = __acmem_43_infls_code_ram_start
                0x0000000000402000                __ENTRY_VTABLE = __INIT_INTERRUPT_START
                0x0000000000402000                __CORE0_VTOR = __INIT_INTERRUPT_START
                0x0000000000402000                __CORE1_VTOR = __INIT_INTERRUPT_START
                0x0000000000402000                __CORE2_VTOR = __INIT_INTERRUPT_START
                0x0000000000402000                __CORE3_VTOR = __INIT_INTERRUPT_START
                0x0000000000000003                __INDEX_COPY_CORE2 = 0x3
                0x0000000000000001                ASSERT ((__standby_ram_end__ <= __STANDBY_RAM_LIMIT_END), Memory for standby ram overflow)
OUTPUT(Eth_InternalLoopback_S32K388.elf elf32-littlearm)
LOAD linker stubs

.ARM.attributes
                0x0000000000000000       0x30
 .ARM.attributes
                0x0000000000000000       0x20 ./Project_Settings/Startup_Code/Vector_Table.o
 .ARM.attributes
                0x0000000000000020       0x34 ./Project_Settings/Startup_Code/exceptions.o
 .ARM.attributes
                0x0000000000000054       0x34 ./Project_Settings/Startup_Code/nvic.o
 .ARM.attributes
                0x0000000000000088       0x34 ./Project_Settings/Startup_Code/startup.o
 .ARM.attributes
                0x00000000000000bc       0x1f ./Project_Settings/Startup_Code/startup_cm7.o
 .ARM.attributes
                0x00000000000000db       0x34 ./Project_Settings/Startup_Code/system.o
 .ARM.attributes
                0x000000000000010f       0x34 ./RTD/src/Clock_Ip.o
 .ARM.attributes
                0x0000000000000143       0x39 ./RTD/src/Clock_Ip_Data.o
 .ARM.attributes
                0x000000000000017c       0x34 ./RTD/src/Clock_Ip_Divider.o